Archive member included to satisfy reference by file (symbol)

/root/msdk-2024_02/Libraries/PeriphDrivers/bin/MAX78000/softfp/libPeriphDriver_softfp.a(mxc_delay.o)
                              /decoder/build/board.o (MXC_Delay)
/root/msdk-2024_02/Libraries/PeriphDrivers/bin/MAX78000/softfp/libPeriphDriver_softfp.a(nvic_table.o)
                              /decoder/build/simple_flash.o (MXC_NVIC_SetVector)
/root/msdk-2024_02/Libraries/PeriphDrivers/bin/MAX78000/softfp/libPeriphDriver_softfp.a(pins_ai85.o)
                              /decoder/build/camera.o (gpio_cfg_pcif_xclk)
/root/msdk-2024_02/Libraries/PeriphDrivers/bin/MAX78000/softfp/libPeriphDriver_softfp.a(sys_ai85.o)
                              /decoder/build/board.o (MXC_SYS_ClockEnable)
/root/msdk-2024_02/Libraries/PeriphDrivers/bin/MAX78000/softfp/libPeriphDriver_softfp.a(aes_me17.o)
                              /root/msdk-2024_02/Libraries/PeriphDrivers/bin/MAX78000/softfp/libPeriphDriver_softfp.a(sys_ai85.o) (MXC_AES_Init)
/root/msdk-2024_02/Libraries/PeriphDrivers/bin/MAX78000/softfp/libPeriphDriver_softfp.a(aes_revb.o)
                              /root/msdk-2024_02/Libraries/PeriphDrivers/bin/MAX78000/softfp/libPeriphDriver_softfp.a(aes_me17.o) (MXC_AES_RevB_Init)
/root/msdk-2024_02/Libraries/PeriphDrivers/bin/MAX78000/softfp/libPeriphDriver_softfp.a(cameraif_ai85.o)
                              /decoder/build/camera.o (MXC_PCIF_Init)
/root/msdk-2024_02/Libraries/PeriphDrivers/bin/MAX78000/softfp/libPeriphDriver_softfp.a(cameraif_reva.o)
                              /root/msdk-2024_02/Libraries/PeriphDrivers/bin/MAX78000/softfp/libPeriphDriver_softfp.a(cameraif_ai85.o) (MXC_PCIF_RevA_SetDatawidth)
/root/msdk-2024_02/Libraries/PeriphDrivers/bin/MAX78000/softfp/libPeriphDriver_softfp.a(dma_me17.o)
                              /decoder/build/fastspi.o (MXC_DMA_Init)
/root/msdk-2024_02/Libraries/PeriphDrivers/bin/MAX78000/softfp/libPeriphDriver_softfp.a(dma_reva.o)
                              /root/msdk-2024_02/Libraries/PeriphDrivers/bin/MAX78000/softfp/libPeriphDriver_softfp.a(dma_me17.o) (MXC_DMA_RevA_Init)
/root/msdk-2024_02/Libraries/PeriphDrivers/bin/MAX78000/softfp/libPeriphDriver_softfp.a(flc_me17.o)
                              /decoder/build/simple_flash.o (MXC_FLC_PageErase)
/root/msdk-2024_02/Libraries/PeriphDrivers/bin/MAX78000/softfp/libPeriphDriver_softfp.a(flc_reva.o)
                              /root/msdk-2024_02/Libraries/PeriphDrivers/bin/MAX78000/softfp/libPeriphDriver_softfp.a(flc_me17.o) (MXC_FLC_RevA_Busy)
/root/msdk-2024_02/Libraries/PeriphDrivers/bin/MAX78000/softfp/libPeriphDriver_softfp.a(gpio_ai85.o)
                              /decoder/build/led.o (MXC_GPIO_Config)
/root/msdk-2024_02/Libraries/PeriphDrivers/bin/MAX78000/softfp/libPeriphDriver_softfp.a(gpio_reva.o)
                              /root/msdk-2024_02/Libraries/PeriphDrivers/bin/MAX78000/softfp/libPeriphDriver_softfp.a(gpio_ai85.o) (MXC_GPIO_RevA_InGet)
/root/msdk-2024_02/Libraries/PeriphDrivers/bin/MAX78000/softfp/libPeriphDriver_softfp.a(i2c_me17.o)
                              /decoder/build/max20303.o (MXC_I2C_Init)
/root/msdk-2024_02/Libraries/PeriphDrivers/bin/MAX78000/softfp/libPeriphDriver_softfp.a(i2c_reva.o)
                              /root/msdk-2024_02/Libraries/PeriphDrivers/bin/MAX78000/softfp/libPeriphDriver_softfp.a(i2c_me17.o) (MXC_I2C_RevA_DMACallback)
/root/msdk-2024_02/Libraries/PeriphDrivers/bin/MAX78000/softfp/libPeriphDriver_softfp.a(icc_me17.o)
                              /decoder/build/system_max78000.o (MXC_ICC_Enable)
/root/msdk-2024_02/Libraries/PeriphDrivers/bin/MAX78000/softfp/libPeriphDriver_softfp.a(icc_reva.o)
                              /root/msdk-2024_02/Libraries/PeriphDrivers/bin/MAX78000/softfp/libPeriphDriver_softfp.a(icc_me17.o) (MXC_ICC_RevA_ID)
/root/msdk-2024_02/Libraries/PeriphDrivers/bin/MAX78000/softfp/libPeriphDriver_softfp.a(pt_ai85.o)
                              /decoder/build/camera.o (MXC_PT_Init)
/root/msdk-2024_02/Libraries/PeriphDrivers/bin/MAX78000/softfp/libPeriphDriver_softfp.a(pt_reva.o)
                              /root/msdk-2024_02/Libraries/PeriphDrivers/bin/MAX78000/softfp/libPeriphDriver_softfp.a(pt_ai85.o) (MXC_PT_RevA_Init)
/root/msdk-2024_02/Libraries/PeriphDrivers/bin/MAX78000/softfp/libPeriphDriver_softfp.a(spi_me17.o)
                              /decoder/build/tft_ili9341.o (MXC_SPI_Init)
/root/msdk-2024_02/Libraries/PeriphDrivers/bin/MAX78000/softfp/libPeriphDriver_softfp.a(spi_reva1.o)
                              /root/msdk-2024_02/Libraries/PeriphDrivers/bin/MAX78000/softfp/libPeriphDriver_softfp.a(spi_me17.o) (MXC_SPI_RevA1_Init)
/root/msdk-2024_02/Libraries/PeriphDrivers/bin/MAX78000/softfp/libPeriphDriver_softfp.a(trng_revb.o)
                              /root/msdk-2024_02/Libraries/PeriphDrivers/bin/MAX78000/softfp/libPeriphDriver_softfp.a(aes_me17.o) (MXC_TRNG_RevB_GenerateKey)
[...]
Memory Configuration

Name             Origin             Length             Attributes
ROM              0x00000000         0x00010000         xr
BOOTLOADER       0x10000000         0x0000e000         xr
FLASH            0x1000e000         0x00038000         xr
RESERVED         0x10046000         0x00038000         rw
ROM_BL_PAGE      0x1007e000         0x00002000         rw
SRAM             0x20000000         0x00020000         xrw
*default*        0x00000000         0xffffffff

Linker script and memory map

LOAD /usr/lib/gcc/arm-none-eabi/13.2.1/thumb/v7e-m/nofp/crti.o
LOAD /usr/lib/gcc/arm-none-eabi/13.2.1/thumb/v7e-m/nofp/crtbegin.o
LOAD /usr/lib/gcc/arm-none-eabi/13.2.1/../../../arm-none-eabi/lib/thumb/v7e-m/nofp/crt0.o
LOAD /decoder/build/decoder.o
LOAD /decoder/build/host_messaging.o
LOAD /decoder/build/simple_crypto.o
LOAD /decoder/build/simple_flash.o
LOAD /decoder/build/simple_uart.o
LOAD /decoder/build/aes.o
LOAD /decoder/build/arc4.o
LOAD /decoder/build/ascon.o
LOAD /decoder/build/asm.o
LOAD /decoder/build/asn.o
LOAD /decoder/build/blake2b.o
LOAD /decoder/build/blake2s.o
LOAD /decoder/build/camellia.o
LOAD /decoder/build/chacha.o
LOAD /decoder/build/chacha20_poly1305.o
LOAD /decoder/build/cmac.o
LOAD /decoder/build/coding.o
LOAD /decoder/build/compress.o
LOAD /decoder/build/cpuid.o
LOAD /decoder/build/cryptocb.o
LOAD /decoder/build/curve25519.o
LOAD /decoder/build/curve448.o
LOAD /decoder/build/des3.o
LOAD /decoder/build/dh.o
LOAD /decoder/build/dilithium.o
LOAD /decoder/build/dsa.o
LOAD /decoder/build/ecc.o
LOAD /decoder/build/ecc_fp.o
LOAD /decoder/build/eccsi.o
LOAD /decoder/build/ed25519.o
LOAD /decoder/build/ed448.o
LOAD /decoder/build/error.o
LOAD /decoder/build/evp.o
LOAD /decoder/build/ext_kyber.o
LOAD /decoder/build/ext_lms.o
LOAD /decoder/build/ext_xmss.o
LOAD /decoder/build/falcon.o
LOAD /decoder/build/fe_448.o
LOAD /decoder/build/fe_low_mem.o
LOAD /decoder/build/fe_operations.o
LOAD /decoder/build/ge_448.o
LOAD /decoder/build/ge_low_mem.o
LOAD /decoder/build/ge_operations.o
LOAD /decoder/build/hash.o
LOAD /decoder/build/hmac.o
LOAD /decoder/build/hpke.o
LOAD /decoder/build/integer.o
LOAD /decoder/build/kdf.o
LOAD /decoder/build/logging.o
LOAD /decoder/build/md2.o
LOAD /decoder/build/md4.o
LOAD /decoder/build/md5.o
LOAD /decoder/build/memory.o
LOAD /decoder/build/misc.o
LOAD /decoder/build/pkcs12.o
LOAD /decoder/build/pkcs7.o
LOAD /decoder/build/poly1305.o
LOAD /decoder/build/pwdbased.o
LOAD /decoder/build/random.o
LOAD /decoder/build/rc2.o
LOAD /decoder/build/ripemd.o
LOAD /decoder/build/rsa.o
LOAD /decoder/build/sakke.o
LOAD /decoder/build/sha.o
LOAD /decoder/build/sha256.o
LOAD /decoder/build/sha3.o
LOAD /decoder/build/sha512.o
LOAD /decoder/build/signature.o
LOAD /decoder/build/siphash.o
LOAD /decoder/build/sm2.o
LOAD /decoder/build/sm3.o
LOAD /decoder/build/sm4.o
LOAD /decoder/build/sp_arm32.o
LOAD /decoder/build/sp_arm64.o
LOAD /decoder/build/sp_armthumb.o
LOAD /decoder/build/sp_c32.o
LOAD /decoder/build/sp_c64.o
LOAD /decoder/build/sp_cortexm.o
LOAD /decoder/build/sp_dsp32.o
LOAD /decoder/build/sp_int.o
LOAD /decoder/build/sp_sm2_arm32.o
LOAD /decoder/build/sp_sm2_arm64.o
LOAD /decoder/build/sp_sm2_armthumb.o
LOAD /decoder/build/sp_sm2_c32.o
LOAD /decoder/build/sp_sm2_c64.o
LOAD /decoder/build/sp_sm2_cortexm.o
LOAD /decoder/build/sp_sm2_x86_64.o
LOAD /decoder/build/sp_x86_64.o
LOAD /decoder/build/sphincs.o
LOAD /decoder/build/srp.o
LOAD /decoder/build/tfm.o
LOAD /decoder/build/wc_dsp.o
LOAD /decoder/build/wc_encrypt.o
LOAD /decoder/build/wc_kyber.o
LOAD /decoder/build/wc_kyber_poly.o
LOAD /decoder/build/wc_lms.o
LOAD /decoder/build/wc_lms_impl.o
LOAD /decoder/build/wc_pkcs11.o
LOAD /decoder/build/wc_port.o
LOAD /decoder/build/wc_xmss.o
LOAD /decoder/build/wc_xmss_impl.o
LOAD /decoder/build/wolfevent.o
LOAD /decoder/build/wolfmath.o
LOAD /decoder/build/board.o
LOAD /decoder/build/stdio.o
LOAD /decoder/build/led.o
LOAD /decoder/build/pb.o
LOAD /decoder/build/tft_ili9341.o
LOAD /decoder/build/camera.o
LOAD /decoder/build/ov7692.o
LOAD /decoder/build/sccb.o
LOAD /decoder/build/max20303.o
LOAD /decoder/build/max9867.o
LOAD /decoder/build/N01S830HA.o
LOAD /decoder/build/fastspi.o
LOAD /decoder/build/startup_firmware.o
LOAD /decoder/build/heap.o
LOAD /decoder/build/system_max78000.o
START GROUP
LOAD /root/msdk-2024_02/Libraries/PeriphDrivers/bin/MAX78000/softfp/libPeriphDriver_softfp.a
LOAD /usr/lib/gcc/arm-none-eabi/13.2.1/../../../arm-none-eabi/lib/thumb/v7e-m/nofp/libc.a
LOAD /usr/lib/gcc/arm-none-eabi/13.2.1/../../../arm-none-eabi/lib/thumb/v7e-m/nofp/libm.a
LOAD /usr/lib/gcc/arm-none-eabi/13.2.1/../../../arm-none-eabi/lib/thumb/v7e-m/nofp/libnosys.a
END GROUP
START GROUP
LOAD /usr/lib/gcc/arm-none-eabi/13.2.1/thumb/v7e-m/nofp/libgcc.a
LOAD /usr/lib/gcc/arm-none-eabi/13.2.1/../../../arm-none-eabi/lib/thumb/v7e-m/nofp/libc.a
END GROUP
LOAD /usr/lib/gcc/arm-none-eabi/13.2.1/thumb/v7e-m/nofp/crtend.o
LOAD /usr/lib/gcc/arm-none-eabi/13.2.1/thumb/v7e-m/nofp/crtn.o

.rom
 *(.rom_vector)
 *(.rom_handlers*)

.text           0x1000e000     0xc5c4
                0x1000e000                        _text = .
 *(.isr_vector)
 .isr_vector    0x1000e000      0x1e0 /decoder/build/startup_firmware.o
                0x1000e000                __isr_vector
 *(.firmware_startup)
 *fill*         0x1000e1e0       0x20 
 .firmware_startup
                0x1000e200        0x8 /decoder/build/startup_firmware.o
                0x1000e200                firmware_startup
 *(.text*)
 .text          0x1000e208       0x88 /usr/lib/gcc/arm-none-eabi/13.2.1/thumb/v7e-m/nofp/crtbegin.o
 .text.aes_ctr_xcrypt.constprop.0
                0x1000e290       0x88 /decoder/build/decoder.o
 .text.aes_cmac.constprop.0
                0x1000e318      0x1dc /decoder/build/decoder.o
 .text.decode   0x1000e4f4      0x1a0 /decoder/build/decoder.o
                0x1000e4f4                decode
 .text.list_channels
                0x1000e694       0x74 /decoder/build/decoder.o
                0x1000e694                list_channels
 .text.update_subscription
                0x1000e708       0xc8 /decoder/build/decoder.o
                0x1000e708                update_subscription
 .text.init     0x1000e7d0       0xb8 /decoder/build/decoder.o
                0x1000e7d0                init
 .text.startup.main
                0x1000e888      0x13c /decoder/build/decoder.o
                0x1000e888                main
 .text.read_bytes
                0x1000e9c4       0x6c /decoder/build/host_messaging.o
                0x1000e9c4                read_bytes
 .text.read_ack
                0x1000ea30       0x40 /decoder/build/host_messaging.o
                0x1000ea30                read_ack
 .text.write_bytes
                0x1000ea70       0x3c /decoder/build/host_messaging.o
                0x1000ea70                write_bytes
 .text.write_packet
                0x1000eaac       0x7c /decoder/build/host_messaging.o
                0x1000eaac                write_packet
 .text.read_packet
                0x1000eb28       0xa8 /decoder/build/host_messaging.o
                0x1000eb28                read_packet
 .text.flash_simple_irq
                0x1000ebd0       0x30 /decoder/build/simple_flash.o
                0x1000ebd0                flash_simple_irq
 .text.flash_simple_init
                0x1000ec00       0x30 /decoder/build/simple_flash.o
                0x1000ec00                flash_simple_init
 .text.flash_simple_erase_page
                0x1000ec30        0x4 /decoder/build/simple_flash.o
                0x1000ec30                flash_simple_erase_page
 .text.flash_simple_read
                0x1000ec34        0x4 /decoder/build/simple_flash.o
                0x1000ec34                flash_simple_read
 .text.flash_simple_write
                0x1000ec38        0xc /decoder/build/simple_flash.o
                0x1000ec38                flash_simple_write
 .text.uart_init
                0x1000ec44       0x2c /decoder/build/simple_uart.o
                0x1000ec44                uart_init
 .text.uart_readbyte
                0x1000ec70        0xc /decoder/build/simple_uart.o
                0x1000ec70                uart_readbyte
 .text.uart_writebyte
                0x1000ec7c       0x10 /decoder/build/simple_uart.o
                0x1000ec7c                uart_writebyte
 .text.AesEncrypt_C
                0x1000ec8c      0xde4 /decoder/build/aes.o
 .text.wc_AesSetKeyLocal.isra.0
                0x1000fa70      0x4a4 /decoder/build/aes.o
 .text.wc_AesSetKey
                0x1000ff14       0x1c /decoder/build/aes.o
                0x1000ff14                wc_AesSetKey
 .text.wc_AesEncryptDirect
                0x1000ff30       0x30 /decoder/build/aes.o
                0x1000ff30                wc_AesEncryptDirect
 .text.mxc_assert
                0x1000ff60       0x10 /decoder/build/board.o
                0x1000ff60                mxc_assert
 .text.GPIO0_IRQHandler
                0x1000ff70        0x8 /decoder/build/board.o
                0x1000ff70                GPIO0_IRQHandler
 .text.GPIO1_IRQHandler
                0x1000ff78        0x8 /decoder/build/board.o
                0x1000ff78                GPIO1_IRQHandler
 .text.Board_Init
                0x1000ff80       0x6c /decoder/build/board.o
                0x1000ff80                Board_Init
 .text.NMI_Handler
                0x1000ffec        0x4 /decoder/build/board.o
                0x1000ffec                NMI_Handler
 .text._close   0x1000fff0        0x8 /decoder/build/stdio.o
                0x1000fff0                _close
 .text._isatty  0x1000fff8        0x8 /decoder/build/stdio.o
                0x1000fff8                _isatty
 .text._lseek   0x10010000        0x8 /decoder/build/stdio.o
                0x10010000                _lseek
 .text._fstat   0x10010008        0x8 /decoder/build/stdio.o
                0x10010008                _fstat
 .text._read    0x10010010       0x5c /decoder/build/stdio.o
                0x10010010                _read
 .text._write   0x1001006c       0x54 /decoder/build/stdio.o
                0x1001006c                _write
 .text.LED_Init
                0x100100c0       0x40 /decoder/build/led.o
                0x100100c0                LED_Init
 .text.LED_On   0x10010100       0x40 /decoder/build/led.o
                0x10010100                LED_On
 .text.LED_Off  0x10010140       0x40 /decoder/build/led.o
                0x10010140                LED_Off
 .text.PB_Init  0x10010180       0x38 /decoder/build/pb.o
                0x10010180                PB_Init
 .text          0x100101b8      0x148 /decoder/build/startup_firmware.o
                0x100101b8                Reset_Handler
                0x100101f6                HardFault_Handler
                0x100101f8                MemManage_Handler
                0x100101fa                BusFault_Handler
                0x100101fc                UsageFault_Handler
                0x100101fe                SVC_Handler
                0x10010200                DebugMon_Handler
                0x10010202                PendSV_Handler
                0x10010204                SysTick_Handler
                0x10010206                Default_Handler
                0x10010208                PF_IRQHandler
                0x1001020a                WDT0_IRQHandler
                0x1001020c                RSV02_IRQHandler
                0x1001020e                RTC_IRQHandler
                0x10010210                TRNG_IRQHandler
                0x10010212                TMR0_IRQHandler
                0x10010214                TMR1_IRQHandler
                0x10010216                TMR2_IRQHandler
                0x10010218                TMR3_IRQHandler
                0x1001021a                TMR4_IRQHandler
                0x1001021c                TMR5_IRQHandler
                0x1001021e                RSV11_IRQHandler
                0x10010220                RSV12_IRQHandler
                0x10010222                I2C0_IRQHandler
                0x10010224                UART0_IRQHandler
                0x10010226                UART1_IRQHandler
                0x10010228                SPI1_IRQHandler
                0x1001022a                RSV17_IRQHandler
                0x1001022c                RSV18_IRQHandler
                0x1001022e                RSV19_IRQHandler
                0x10010230                ADC_IRQHandler
                0x10010232                RSV21_IRQHandler
                0x10010234                RSV22_IRQHandler
                0x10010236                FLC0_IRQHandler
                0x1001023c                GPIO2_IRQHandler
                0x1001023e                RSV27_IRQHandler
                0x10010240                DMA0_IRQHandler
                0x10010242                DMA1_IRQHandler
                0x10010244                DMA2_IRQHandler
                0x10010246                DMA3_IRQHandler
                0x10010248                RSV32_IRQHandler
                0x1001024a                RSV33_IRQHandler
                0x1001024c                UART2_IRQHandler
                0x1001024e                RSV35_IRQHandler
                0x10010250                I2C1_IRQHandler
                0x10010252                RSV37_IRQHandler
                0x10010254                RSV38_IRQHandler
                0x10010256                RSV39_IRQHandler
                0x10010258                RSV40_IRQHandler
                0x1001025a                RSV41_IRQHandler
                0x1001025c                RSV42_IRQHandler
                0x1001025e                RSV43_IRQHandler
                0x10010260                RSV44_IRQHandler
                0x10010262                RSV45_IRQHandler
                0x10010264                RSV46_IRQHandler
                0x10010266                RSV47_IRQHandler
                0x10010268                RSV48_IRQHandler
                0x1001026a                RSV49_IRQHandler
                0x1001026c                RSV50_IRQHandler
                0x1001026e                RSV51_IRQHandler
                0x10010270                RSV52_IRQHandler
                0x10010272                WUT_IRQHandler
                0x10010274                GPIOWAKE_IRQHandler
                0x10010276                RSV55_IRQHandler
                0x10010278                SPI0_IRQHandler
                0x1001027a                WDT1_IRQHandler
                0x1001027c                RSV58_IRQHandler
                0x1001027e                PT_IRQHandler
                0x10010280                RSV60_IRQHandler
                0x10010282                RSV61_IRQHandler
                0x10010284                I2C2_IRQHandler
                0x10010286                RISCV_IRQHandler
                0x10010288                RSV64_IRQHandler
                0x1001028a                RSV65_IRQHandler
                0x1001028c                RSV66_IRQHandler
                0x1001028e                OWM_IRQHandler
                0x10010290                RSV68_IRQHandler
                0x10010292                RSV69_IRQHandler
                0x10010294                RSV70_IRQHandler
                0x10010296                RSV71_IRQHandler
                0x10010298                RSV72_IRQHandler
                0x1001029a                RSV73_IRQHandler
                0x1001029c                RSV74_IRQHandler
                0x1001029e                RSV75_IRQHandler
                0x100102a0                RSV76_IRQHandler
                0x100102a2                RSV77_IRQHandler
                0x100102a4                RSV78_IRQHandler
                0x100102a6                RSV79_IRQHandler
                0x100102a8                RSV80_IRQHandler
                0x100102aa                RSV81_IRQHandler
                0x100102ac                ECC_IRQHandler
                0x100102ae                DVS_IRQHandler
                0x100102b0                SIMO_IRQHandler
                0x100102b2                RSV85_IRQHandler
                0x100102b4                RSV86_IRQHandler
                0x100102b6                RSV87_IRQHandler
                0x100102b8                UART3_IRQHandler
                0x100102ba                RSV89_IRQHandler
                0x100102bc                RSV90_IRQHandler
                0x100102be                PCIF_IRQHandler
                0x100102c0                RSV92_IRQHandler
                0x100102c2                RSV93_IRQHandler
                0x100102c4                RSV94_IRQHandler
                0x100102c6                RSV95_IRQHandler
                0x100102c8                RSV96_IRQHandler
                0x100102ca                AES_IRQHandler
                0x100102cc                RSV98_IRQHandler
                0x100102ce                I2S_IRQHandler
                0x100102d0                CNN_FIFO_IRQHandler
                0x100102d2                CNN_IRQHandler
                0x100102d4                RSV102_IRQHandler
                0x100102d6                LPCMP_IRQHandler
 .text._sbrk    0x10010300       0x3c /decoder/build/heap.o
                0x10010300                _sbrk
 .text._getpid  0x1001033c        0x8 /decoder/build/system_max78000.o
                0x1001033c                _getpid
 .text._kill    0x10010344        0x8 /decoder/build/system_max78000.o
                0x10010344                _kill
 .text.SystemCoreClockUpdate
                0x1001034c       0x6c /decoder/build/system_max78000.o
                0x1001034c                SystemCoreClockUpdate
 .text.PreInit  0x100103b8        0x4 /decoder/build/system_max78000.o
                0x100103b8                PreInit
 .text.SystemInit
                0x100103bc       0x38 /decoder/build/system_max78000.o
                0x100103bc                SystemInit
 .text.MXC_DelayInit
                0x100103f4       0x7c /root/msdk-2024_02/Libraries/PeriphDrivers/bin/MAX78000/softfp/libPeriphDriver_softfp.a(mxc_delay.o)
 .text.MXC_DelayAsync
                0x10010470       0x3c /root/msdk-2024_02/Libraries/PeriphDrivers/bin/MAX78000/softfp/libPeriphDriver_softfp.a(mxc_delay.o)
                0x10010470                MXC_DelayAsync
 .text.MXC_DelayCheck
                0x100104ac       0x70 /root/msdk-2024_02/Libraries/PeriphDrivers/bin/MAX78000/softfp/libPeriphDriver_softfp.a(mxc_delay.o)
                0x100104ac                MXC_DelayCheck
 .text.MXC_DelayAbort
                0x1001051c       0x34 /root/msdk-2024_02/Libraries/PeriphDrivers/bin/MAX78000/softfp/libPeriphDriver_softfp.a(mxc_delay.o)
                0x1001051c                MXC_DelayAbort
 .text.MXC_Delay
                0x10010550       0x74 /root/msdk-2024_02/Libraries/PeriphDrivers/bin/MAX78000/softfp/libPeriphDriver_softfp.a(mxc_delay.o)
                0x10010550                MXC_Delay
 .text.MXC_NVIC_SetVector
                0x100105c4       0x50 /root/msdk-2024_02/Libraries/PeriphDrivers/bin/MAX78000/softfp/libPeriphDriver_softfp.a(nvic_table.o)
                0x100105c4                MXC_NVIC_SetVector
 .text.MXC_SYS_ClockDisable
                0x10010614       0x40 /root/msdk-2024_02/Libraries/PeriphDrivers/bin/MAX78000/softfp/libPeriphDriver_softfp.a(sys_ai85.o)
                0x10010614                MXC_SYS_ClockDisable
 .text.MXC_SYS_ClockEnable
                0x10010654       0x44 /root/msdk-2024_02/Libraries/PeriphDrivers/bin/MAX78000/softfp/libPeriphDriver_softfp.a(sys_ai85.o)
                0x10010654                MXC_SYS_ClockEnable
 .text.MXC_SYS_ClockSourceEnable
                0x10010698       0xf4 /root/msdk-2024_02/Libraries/PeriphDrivers/bin/MAX78000/softfp/libPeriphDriver_softfp.a(sys_ai85.o)
                0x10010698                MXC_SYS_ClockSourceEnable
 .text.MXC_SYS_Reset_Periph
                0x1001078c       0x48 /root/msdk-2024_02/Libraries/PeriphDrivers/bin/MAX78000/softfp/libPeriphDriver_softfp.a(sys_ai85.o)
                0x1001078c                MXC_SYS_Reset_Periph
 .text.MXC_FLC_Write32
                0x100107d4       0x70 /root/msdk-2024_02/Libraries/PeriphDrivers/bin/MAX78000/softfp/libPeriphDriver_softfp.a(flc_me17.o)
                0x100107d4                MXC_FLC_Write32
 .text.MXC_FLC_Write
                0x10010844        0x4 /root/msdk-2024_02/Libraries/PeriphDrivers/bin/MAX78000/softfp/libPeriphDriver_softfp.a(flc_me17.o)
                0x10010844                MXC_FLC_Write
 .text.MXC_FLC_Read
                0x10010848        0x4 /root/msdk-2024_02/Libraries/PeriphDrivers/bin/MAX78000/softfp/libPeriphDriver_softfp.a(flc_me17.o)
                0x10010848                MXC_FLC_Read
 .text.MXC_FLC_EnableInt
                0x1001084c        0x4 /root/msdk-2024_02/Libraries/PeriphDrivers/bin/MAX78000/softfp/libPeriphDriver_softfp.a(flc_me17.o)
                0x1001084c                MXC_FLC_EnableInt
 .text.MXC_FLC_RevA_EnableInt
                0x10010850       0x20 /root/msdk-2024_02/Libraries/PeriphDrivers/bin/MAX78000/softfp/libPeriphDriver_softfp.a(flc_reva.o)
                0x10010850                MXC_FLC_RevA_EnableInt
 .text.MXC_GPIO_Init
                0x10010870       0x40 /root/msdk-2024_02/Libraries/PeriphDrivers/bin/MAX78000/softfp/libPeriphDriver_softfp.a(gpio_ai85.o)
                0x10010870                MXC_GPIO_Init
 .text.MXC_GPIO_Config
                0x100108b0      0x244 /root/msdk-2024_02/Libraries/PeriphDrivers/bin/MAX78000/softfp/libPeriphDriver_softfp.a(gpio_ai85.o)
                0x100108b0                MXC_GPIO_Config
 .text.MXC_GPIO_OutSet
                0x10010af4       0x2c /root/msdk-2024_02/Libraries/PeriphDrivers/bin/MAX78000/softfp/libPeriphDriver_softfp.a(gpio_ai85.o)
                0x10010af4                MXC_GPIO_OutSet
 .text.MXC_GPIO_OutClr
                0x10010b20       0x30 /root/msdk-2024_02/Libraries/PeriphDrivers/bin/MAX78000/softfp/libPeriphDriver_softfp.a(gpio_ai85.o)
                0x10010b20                MXC_GPIO_OutClr
 .text.MXC_GPIO_Handler
                0x10010b50        0x4 /root/msdk-2024_02/Libraries/PeriphDrivers/bin/MAX78000/softfp/libPeriphDriver_softfp.a(gpio_ai85.o)
                0x10010b50                MXC_GPIO_Handler
 .text.MXC_GPIO_ClearFlags
                0x10010b54       0x18 /root/msdk-2024_02/Libraries/PeriphDrivers/bin/MAX78000/softfp/libPeriphDriver_softfp.a(gpio_ai85.o)
                0x10010b54                MXC_GPIO_ClearFlags
 .text.MXC_GPIO_GetFlags
                0x10010b6c       0x18 /root/msdk-2024_02/Libraries/PeriphDrivers/bin/MAX78000/softfp/libPeriphDriver_softfp.a(gpio_ai85.o)
                0x10010b6c                MXC_GPIO_GetFlags
 .text.MXC_GPIO_RevA_OutSet
                0x10010b84        0x4 /root/msdk-2024_02/Libraries/PeriphDrivers/bin/MAX78000/softfp/libPeriphDriver_softfp.a(gpio_reva.o)
                0x10010b84                MXC_GPIO_RevA_OutSet
 .text.MXC_GPIO_RevA_OutClr
                0x10010b88        0x4 /root/msdk-2024_02/Libraries/PeriphDrivers/bin/MAX78000/softfp/libPeriphDriver_softfp.a(gpio_reva.o)
                0x10010b88                MXC_GPIO_RevA_OutClr
 .text.MXC_GPIO_RevA_ClearFlags
                0x10010b8c        0x4 /root/msdk-2024_02/Libraries/PeriphDrivers/bin/MAX78000/softfp/libPeriphDriver_softfp.a(gpio_reva.o)
                0x10010b8c                MXC_GPIO_RevA_ClearFlags
 .text.MXC_GPIO_RevA_GetFlags
                0x10010b90        0x4 /root/msdk-2024_02/Libraries/PeriphDrivers/bin/MAX78000/softfp/libPeriphDriver_softfp.a(gpio_reva.o)
                0x10010b90                MXC_GPIO_RevA_GetFlags
 .text.MXC_GPIO_RevA_SetVSSEL
                0x10010b94       0x2c /root/msdk-2024_02/Libraries/PeriphDrivers/bin/MAX78000/softfp/libPeriphDriver_softfp.a(gpio_reva.o)
                0x10010b94                MXC_GPIO_RevA_SetVSSEL
 .text.MXC_GPIO_RevA_SetAF
                0x10010bc0       0x6c /root/msdk-2024_02/Libraries/PeriphDrivers/bin/MAX78000/softfp/libPeriphDriver_softfp.a(gpio_reva.o)
                0x10010bc0                MXC_GPIO_RevA_SetAF
 .text.MXC_GPIO_RevA_SetDriveStrength
                0x10010c2c       0x74 /root/msdk-2024_02/Libraries/PeriphDrivers/bin/MAX78000/softfp/libPeriphDriver_softfp.a(gpio_reva.o)
                0x10010c2c                MXC_GPIO_RevA_SetDriveStrength
 .text.MXC_ICC_Enable
                0x10010ca0        0x4 /root/msdk-2024_02/Libraries/PeriphDrivers/bin/MAX78000/softfp/libPeriphDriver_softfp.a(icc_me17.o)
                0x10010ca0                MXC_ICC_Enable
 .text.MXC_ICC_Disable
                0x10010ca4        0x4 /root/msdk-2024_02/Libraries/PeriphDrivers/bin/MAX78000/softfp/libPeriphDriver_softfp.a(icc_me17.o)
                0x10010ca4                MXC_ICC_Disable
 .text.MXC_ICC_RevA_Enable
                0x10010ca8       0x30 /root/msdk-2024_02/Libraries/PeriphDrivers/bin/MAX78000/softfp/libPeriphDriver_softfp.a(icc_reva.o)
                0x10010ca8                MXC_ICC_RevA_Enable
 .text.MXC_ICC_RevA_Disable
                0x10010cd8       0x10 /root/msdk-2024_02/Libraries/PeriphDrivers/bin/MAX78000/softfp/libPeriphDriver_softfp.a(icc_reva.o)
                0x10010cd8                MXC_ICC_RevA_Disable
 .text.MXC_UART_Shutdown
                0x10010ce8       0x6c /root/msdk-2024_02/Libraries/PeriphDrivers/bin/MAX78000/softfp/libPeriphDriver_softfp.a(uart_ai85.o)
                0x10010ce8                MXC_UART_Shutdown
 .text.MXC_UART_Init
                0x10010d54       0xb8 /root/msdk-2024_02/Libraries/PeriphDrivers/bin/MAX78000/softfp/libPeriphDriver_softfp.a(uart_ai85.o)
                0x10010d54                MXC_UART_Init
 .text.MXC_UART_SetFrequency
                0x10010e0c       0xd0 /root/msdk-2024_02/Libraries/PeriphDrivers/bin/MAX78000/softfp/libPeriphDriver_softfp.a(uart_ai85.o)
                0x10010e0c                MXC_UART_SetFrequency
 .text.MXC_UART_GetFrequency
                0x10010edc       0x54 /root/msdk-2024_02/Libraries/PeriphDrivers/bin/MAX78000/softfp/libPeriphDriver_softfp.a(uart_ai85.o)
                0x10010edc                MXC_UART_GetFrequency
 .text.MXC_UART_SetDataSize
                0x10010f30        0x4 /root/msdk-2024_02/Libraries/PeriphDrivers/bin/MAX78000/softfp/libPeriphDriver_softfp.a(uart_ai85.o)
                0x10010f30                MXC_UART_SetDataSize
 .text.MXC_UART_SetStopBits
                0x10010f34        0x4 /root/msdk-2024_02/Libraries/PeriphDrivers/bin/MAX78000/softfp/libPeriphDriver_softfp.a(uart_ai85.o)
                0x10010f34                MXC_UART_SetStopBits
 .text.MXC_UART_SetParity
                0x10010f38        0x4 /root/msdk-2024_02/Libraries/PeriphDrivers/bin/MAX78000/softfp/libPeriphDriver_softfp.a(uart_ai85.o)
                0x10010f38                MXC_UART_SetParity
 .text.MXC_UART_ReadCharacterRaw
                0x10010f3c        0x4 /root/msdk-2024_02/Libraries/PeriphDrivers/bin/MAX78000/softfp/libPeriphDriver_softfp.a(uart_ai85.o)
                0x10010f3c                MXC_UART_ReadCharacterRaw
 .text.MXC_UART_WriteCharacterRaw
                0x10010f40        0x4 /root/msdk-2024_02/Libraries/PeriphDrivers/bin/MAX78000/softfp/libPeriphDriver_softfp.a(uart_ai85.o)
                0x10010f40                MXC_UART_WriteCharacterRaw
 .text.MXC_UART_ReadCharacter
                0x10010f44        0x4 /root/msdk-2024_02/Libraries/PeriphDrivers/bin/MAX78000/softfp/libPeriphDriver_softfp.a(uart_ai85.o)
                0x10010f44                MXC_UART_ReadCharacter
 .text.MXC_UART_WriteCharacter
                0x10010f48        0x4 /root/msdk-2024_02/Libraries/PeriphDrivers/bin/MAX78000/softfp/libPeriphDriver_softfp.a(uart_ai85.o)
                0x10010f48                MXC_UART_WriteCharacter
 .text.MXC_UART_GetRXFIFOAvailable
                0x10010f4c        0x4 /root/msdk-2024_02/Libraries/PeriphDrivers/bin/MAX78000/softfp/libPeriphDriver_softfp.a(uart_ai85.o)
                0x10010f4c                MXC_UART_GetRXFIFOAvailable
 .text.MXC_UART_GetTXFIFOAvailable
                0x10010f50        0x4 /root/msdk-2024_02/Libraries/PeriphDrivers/bin/MAX78000/softfp/libPeriphDriver_softfp.a(uart_ai85.o)
                0x10010f50                MXC_UART_GetTXFIFOAvailable
 .text.MXC_UART_SetRXThreshold
                0x10010f54        0x4 /root/msdk-2024_02/Libraries/PeriphDrivers/bin/MAX78000/softfp/libPeriphDriver_softfp.a(uart_ai85.o)
                0x10010f54                MXC_UART_SetRXThreshold
 .text.MXC_UART_Common_ReadCharacter
                0x10010f58       0x18 /root/msdk-2024_02/Libraries/PeriphDrivers/bin/MAX78000/softfp/libPeriphDriver_softfp.a(uart_common.o)
                0x10010f58                MXC_UART_Common_ReadCharacter
 .text.MXC_UART_Common_WriteCharacter
                0x10010f70       0x1c /root/msdk-2024_02/Libraries/PeriphDrivers/bin/MAX78000/softfp/libPeriphDriver_softfp.a(uart_common.o)
                0x10010f70                MXC_UART_Common_WriteCharacter
 .text.MXC_UART_RevB_Init
                0x10010f8c       0xe0 /root/msdk-2024_02/Libraries/PeriphDrivers/bin/MAX78000/softfp/libPeriphDriver_softfp.a(uart_revb.o)
                0x10010f8c                MXC_UART_RevB_Init
 .text.MXC_UART_RevB_SetFrequency
                0x1001106c       0x70 /root/msdk-2024_02/Libraries/PeriphDrivers/bin/MAX78000/softfp/libPeriphDriver_softfp.a(uart_revb.o)
                0x1001106c                MXC_UART_RevB_SetFrequency
 .text.MXC_UART_RevB_GetFrequency
                0x100110dc       0x58 /root/msdk-2024_02/Libraries/PeriphDrivers/bin/MAX78000/softfp/libPeriphDriver_softfp.a(uart_revb.o)
                0x100110dc                MXC_UART_RevB_GetFrequency
 .text.MXC_UART_RevB_SetDataSize
                0x10011134       0x20 /root/msdk-2024_02/Libraries/PeriphDrivers/bin/MAX78000/softfp/libPeriphDriver_softfp.a(uart_revb.o)
                0x10011134                MXC_UART_RevB_SetDataSize
 .text.MXC_UART_RevB_SetStopBits
                0x10011154       0x24 /root/msdk-2024_02/Libraries/PeriphDrivers/bin/MAX78000/softfp/libPeriphDriver_softfp.a(uart_revb.o)
                0x10011154                MXC_UART_RevB_SetStopBits
 .text.MXC_UART_RevB_SetParity
                0x10011178       0x8c /root/msdk-2024_02/Libraries/PeriphDrivers/bin/MAX78000/softfp/libPeriphDriver_softfp.a(uart_revb.o)
                0x10011178                MXC_UART_RevB_SetParity
 .text.MXC_UART_RevB_ReadCharacterRaw
                0x10011204       0x10 /root/msdk-2024_02/Libraries/PeriphDrivers/bin/MAX78000/softfp/libPeriphDriver_softfp.a(uart_revb.o)
                0x10011204                MXC_UART_RevB_ReadCharacterRaw
 .text.MXC_UART_RevB_WriteCharacterRaw
                0x10011214       0x14 /root/msdk-2024_02/Libraries/PeriphDrivers/bin/MAX78000/softfp/libPeriphDriver_softfp.a(uart_revb.o)
                0x10011214                MXC_UART_RevB_WriteCharacterRaw
 .text.MXC_UART_RevB_GetRXFIFOAvailable
                0x10011228        0x8 /root/msdk-2024_02/Libraries/PeriphDrivers/bin/MAX78000/softfp/libPeriphDriver_softfp.a(uart_revb.o)
                0x10011228                MXC_UART_RevB_GetRXFIFOAvailable
 .text.MXC_UART_RevB_GetTXFIFOAvailable
                0x10011230        0xc /root/msdk-2024_02/Libraries/PeriphDrivers/bin/MAX78000/softfp/libPeriphDriver_softfp.a(uart_revb.o)
                0x10011230                MXC_UART_RevB_GetTXFIFOAvailable
 .text.MXC_UART_RevB_SetRXThreshold
                0x1001123c       0x1c /root/msdk-2024_02/Libraries/PeriphDrivers/bin/MAX78000/softfp/libPeriphDriver_softfp.a(uart_revb.o)
                0x1001123c                MXC_UART_RevB_SetRXThreshold
 .text.MXC_GPIO_Common_Init
                0x10011258       0x24 /root/msdk-2024_02/Libraries/PeriphDrivers/bin/MAX78000/softfp/libPeriphDriver_softfp.a(gpio_common.o)
                0x10011258                MXC_GPIO_Common_Init
 .text.MXC_GPIO_Common_Handler
                0x1001127c       0x68 /root/msdk-2024_02/Libraries/PeriphDrivers/bin/MAX78000/softfp/libPeriphDriver_softfp.a(gpio_common.o)
                0x1001127c                MXC_GPIO_Common_Handler
 *fill*         0x100112e4       0x1c 
 .text          0x10011300       0xd8 /usr/lib/gcc/arm-none-eabi/13.2.1/../../../arm-none-eabi/lib/thumb/v7e-m/nofp/libc.a(libc_a-strlen.o)
                0x10011300                strlen
 .text          0x100113d8       0xa4 /usr/lib/gcc/arm-none-eabi/13.2.1/../../../arm-none-eabi/lib/thumb/v7e-m/nofp/libc.a(libc_a-memset.o)
                0x100113d8                memset
 .text          0x1001147c      0x19c /usr/lib/gcc/arm-none-eabi/13.2.1/../../../arm-none-eabi/lib/thumb/v7e-m/nofp/libc.a(libc_a-fflush.o)
                0x1001147c                __sflush_r
                0x100115a4                _fflush_r
                0x100115d0                fflush
 .text          0x10011618      0x100 /usr/lib/gcc/arm-none-eabi/13.2.1/../../../arm-none-eabi/lib/thumb/v7e-m/nofp/libc.a(libc_a-memmove.o)
                0x10011618                memmove
 .text          0x10011718        0xc /usr/lib/gcc/arm-none-eabi/13.2.1/../../../arm-none-eabi/lib/thumb/v7e-m/nofp/libc.a(libc_a-errno.o)
                0x10011718                __errno
 .text          0x10011724      0x2b0 /usr/lib/gcc/arm-none-eabi/13.2.1/../../../arm-none-eabi/lib/thumb/v7e-m/nofp/libc.a(libc_a-freer.o)
                0x10011724                _malloc_trim_r
                0x100117dc                _free_r
 .text          0x100119d4       0x5c /usr/lib/gcc/arm-none-eabi/13.2.1/../../../arm-none-eabi/lib/thumb/v7e-m/nofp/libc.a(libc_a-memcmp.o)
                0x100119d4                memcmp
 .text          0x10011a30       0x90 /usr/lib/gcc/arm-none-eabi/13.2.1/../../../arm-none-eabi/lib/thumb/v7e-m/nofp/libc.a(libc_a-fclose.o)
                0x10011a30                _fclose_r
                0x10011ab0                fclose
 .text          0x10011ac0       0x20 /usr/lib/gcc/arm-none-eabi/13.2.1/../../../arm-none-eabi/lib/thumb/v7e-m/nofp/libc.a(libc_a-malloc.o)
                0x10011ac0                malloc
                0x10011ad0                free
 .text          0x10011ae0      0x134 /usr/lib/gcc/arm-none-eabi/13.2.1/../../../arm-none-eabi/lib/thumb/v7e-m/nofp/libc.a(libc_a-memcpy.o)
                0x10011ae0                memcpy
 .text          0x10011c14       0x1c /usr/lib/gcc/arm-none-eabi/13.2.1/../../../arm-none-eabi/lib/thumb/v7e-m/nofp/libc.a(libc_a-sysconf.o)
                0x10011c14                sysconf
 .text          0x10011c30       0x94 /usr/lib/gcc/arm-none-eabi/13.2.1/../../../arm-none-eabi/lib/thumb/v7e-m/nofp/libc.a(libc_a-stdio.o)
                0x10011c30                __sread
                0x10011c54                __seofread
                0x10011c58                __swrite
                0x10011c98                __sseek
                0x10011cbc                __sclose
 .text          0x10011cc4       0x50 /usr/lib/gcc/arm-none-eabi/13.2.1/../../../arm-none-eabi/lib/thumb/v7e-m/nofp/libc.a(libc_a-init.o)
                0x10011cc4                __libc_init_array
 .text          0x10011d14      0x344 /usr/lib/gcc/arm-none-eabi/13.2.1/../../../arm-none-eabi/lib/thumb/v7e-m/nofp/libc.a(libc_a-reallocr.o)
                0x10011d14                _realloc_r
 .text          0x10012058       0x2c /usr/lib/gcc/arm-none-eabi/13.2.1/../../../arm-none-eabi/lib/thumb/v7e-m/nofp/libc.a(libc_a-writer.o)
                0x10012058                _write_r
 .text          0x10012084       0x2c /usr/lib/gcc/arm-none-eabi/13.2.1/../../../arm-none-eabi/lib/thumb/v7e-m/nofp/libc.a(libc_a-fstatr.o)
                0x10012084                _fstat_r
 .text          0x100120b0       0xf8 /usr/lib/gcc/arm-none-eabi/13.2.1/../../../arm-none-eabi/lib/thumb/v7e-m/nofp/libc.a(libc_a-fwrite.o)
                0x100120b0                _fwrite_r
                0x10012128                fwrite
 .text          0x100121a8        0x8 /usr/lib/gcc/arm-none-eabi/13.2.1/../../../arm-none-eabi/lib/thumb/v7e-m/nofp/libc.a(libc_a-mlock.o)
                0x100121a8                __malloc_lock
                0x100121ac                __malloc_unlock
 .text          0x100121b0      0x224 /usr/lib/gcc/arm-none-eabi/13.2.1/../../../arm-none-eabi/lib/thumb/v7e-m/nofp/libc.a(libc_a-findfp.o)
                0x100122e0                __sfp
                0x10012384                __sinit
                0x100123a4                __sfp_lock_acquire
                0x100123a8                __sfp_lock_release
                0x100123ac                __fp_lock_all
                0x100123c0                __fp_unlock_all
 .text          0x100123d4       0x7c /usr/lib/gcc/arm-none-eabi/13.2.1/../../../arm-none-eabi/lib/thumb/v7e-m/nofp/libc.a(libc_a-puts.o)
                0x100123d4                _puts_r
                0x10012440                puts
 .text          0x10012450      0x2f8 /usr/lib/gcc/arm-none-eabi/13.2.1/../../../arm-none-eabi/lib/thumb/v7e-m/nofp/libc.a(libc_a-fvwrite.o)
                0x10012450                __sfvwrite_r
 .text          0x10012748        0xc /usr/lib/gcc/arm-none-eabi/13.2.1/../../../arm-none-eabi/lib/thumb/v7e-m/nofp/libc.a(libc_a-atexit.o)
                0x10012748                atexit
 .text          0x10012754       0x48 /usr/lib/gcc/arm-none-eabi/13.2.1/../../../arm-none-eabi/lib/thumb/v7e-m/nofp/libc.a(libc_a-printf.o)
                0x10012754                _printf_r
                0x10012774                printf
 .text          0x1001279c       0x24 /usr/lib/gcc/arm-none-eabi/13.2.1/../../../arm-none-eabi/lib/thumb/v7e-m/nofp/libc.a(libc_a-sbrkr.o)
                0x1001279c                _sbrk_r
 .text          0x100127c0       0x24 /usr/lib/gcc/arm-none-eabi/13.2.1/../../../arm-none-eabi/lib/thumb/v7e-m/nofp/libc.a(libc_a-closer.o)
                0x100127c0                _close_r
 .text          0x100127e4       0x28 /usr/lib/gcc/arm-none-eabi/13.2.1/../../../arm-none-eabi/lib/thumb/v7e-m/nofp/libc.a(libc_a-fini.o)
                0x100127e4                __libc_fini_array
 .text          0x1001280c       0x44 /usr/lib/gcc/arm-none-eabi/13.2.1/../../../arm-none-eabi/lib/thumb/v7e-m/nofp/libc.a(libc_a-fwalk.o)
                0x1001280c                _fwalk_sglue
 .text          0x10012850     0x14b4 /usr/lib/gcc/arm-none-eabi/13.2.1/../../../arm-none-eabi/lib/thumb/v7e-m/nofp/libc.a(libc_a-vfprintf.o)
                0x10012850                _vfprintf_r
                0x10013c80                vfprintf
 .text          0x10013d04      0x13c /usr/lib/gcc/arm-none-eabi/13.2.1/../../../arm-none-eabi/lib/thumb/v7e-m/nofp/libc.a(libc_a-makebuf.o)
                0x10013d04                __smakebuf_r
                0x10013de0                __swhatbuf_r
 .text          0x10013e40       0xa0 /usr/lib/gcc/arm-none-eabi/13.2.1/../../../arm-none-eabi/lib/thumb/v7e-m/nofp/libc.a(libc_a-memchr.o)
                0x10013e40                memchr
 .text          0x10013ee0       0x2c /usr/lib/gcc/arm-none-eabi/13.2.1/../../../arm-none-eabi/lib/thumb/v7e-m/nofp/libc.a(libc_a-readr.o)
                0x10013ee0                _read_r
 .text          0x10013f0c      0x55c /usr/lib/gcc/arm-none-eabi/13.2.1/../../../arm-none-eabi/lib/thumb/v7e-m/nofp/libc.a(libc_a-mallocr.o)
                0x10013f0c                _malloc_r
 .text          0x10014468      0xfb0 /usr/lib/gcc/arm-none-eabi/13.2.1/../../../arm-none-eabi/lib/thumb/v7e-m/nofp/libc.a(libc_a-dtoa.o)
                0x10014594                _dtoa_r
 .text          0x10015418       0xc4 /usr/lib/gcc/arm-none-eabi/13.2.1/../../../arm-none-eabi/lib/thumb/v7e-m/nofp/libc.a(libc_a-wsetup.o)
                0x10015418                __swsetup_r
 .text          0x100154dc       0x2c /usr/lib/gcc/arm-none-eabi/13.2.1/../../../arm-none-eabi/lib/thumb/v7e-m/nofp/libc.a(libc_a-lseekr.o)
                0x100154dc                _lseek_r
 .text.startup  0x10015508       0x14 /usr/lib/gcc/arm-none-eabi/13.2.1/../../../arm-none-eabi/lib/thumb/v7e-m/nofp/libc.a(libc_a-__call_atexit.o)
 .text          0x1001551c       0x64 /usr/lib/gcc/arm-none-eabi/13.2.1/../../../arm-none-eabi/lib/thumb/v7e-m/nofp/libc.a(libc_a-__atexit.o)
                0x1001551c                __register_exitproc
 .text          0x10015580       0x24 /usr/lib/gcc/arm-none-eabi/13.2.1/../../../arm-none-eabi/lib/thumb/v7e-m/nofp/libc.a(libc_a-isattyr.o)
                0x10015580                _isatty_r
 .text          0x100155a4       0x20 /usr/lib/gcc/arm-none-eabi/13.2.1/../../../arm-none-eabi/lib/thumb/v7e-m/nofp/libc.a(libc_a-sprint_r.o)
                0x100155a4                __sprint_r
 .text          0x100155c4       0x4c /usr/lib/gcc/arm-none-eabi/13.2.1/../../../arm-none-eabi/lib/thumb/v7e-m/nofp/libc.a(libc_a-assert.o)
                0x100155c4                __assert_func
                0x10015604                __assert
 .text          0x10015610      0xa8c /usr/lib/gcc/arm-none-eabi/13.2.1/../../../arm-none-eabi/lib/thumb/v7e-m/nofp/libc.a(libc_a-mprec.o)
                0x10015610                _Balloc
                0x1001565c                _Bfree
                0x10015670                __multadd
                0x10015710                __s2b
                0x100157c4                __hi0bits
                0x10015808                __lo0bits
                0x10015868                __i2b
                0x100158c4                __multiply
                0x10015a30                __pow5mult
                0x10015ae4                __lshift
                0x10015bd4                __mcmp
                0x10015c14                __mdiff
                0x10015d8c                __ulp
                0x10015dd8                __b2d
                0x10015e98                __d2b
                0x10015f54                __ratio
                0x10015fb0                _mprec_log10
                0x10015fe8                __copybits
                0x10016044                __any_on
 .text          0x1001609c       0x14 /usr/lib/gcc/arm-none-eabi/13.2.1/../../../arm-none-eabi/lib/thumb/v7e-m/nofp/libc.a(libc_a-localeconv.o)
                0x1001609c                __localeconv_l
                0x100160a0                _localeconv_r
                0x100160a8                localeconv
 .text          0x100160b0       0x40 /usr/lib/gcc/arm-none-eabi/13.2.1/../../../arm-none-eabi/lib/thumb/v7e-m/nofp/libc.a(libc_a-mbtowc_r.o)
                0x100160b0                _mbtowc_r
                0x100160c4                __ascii_mbtowc
 .text          0x100160f0       0x10 /usr/lib/gcc/arm-none-eabi/13.2.1/../../../arm-none-eabi/lib/thumb/v7e-m/nofp/libc.a(libc_a-abort.o)
                0x100160f0                abort
 .text          0x10016100       0x6c /usr/lib/gcc/arm-none-eabi/13.2.1/../../../arm-none-eabi/lib/thumb/v7e-m/nofp/libc.a(libc_a-callocr.o)
                0x10016100                _calloc_r
 .text          0x1001616c       0x44 /usr/lib/gcc/arm-none-eabi/13.2.1/../../../arm-none-eabi/lib/thumb/v7e-m/nofp/libc.a(libc_a-fiprintf.o)
                0x1001616c                _fiprintf_r
                0x10016188                fiprintf
 .text          0x100161b0       0x30 /usr/lib/gcc/arm-none-eabi/13.2.1/../../../arm-none-eabi/lib/thumb/v7e-m/nofp/libc.a(libc_a-wctomb_r.o)
                0x100161b0                _wctomb_r
                0x100161c4                __ascii_wctomb
 .text          0x100161e0      0x280 /usr/lib/gcc/arm-none-eabi/13.2.1/../../../arm-none-eabi/lib/thumb/v7e-m/nofp/libc.a(libc_a-signal.o)
                0x100161e0                _init_signal_r
                0x10016210                _signal_r
                0x10016260                _raise_r
                0x100162b4                __sigtramp_r
                0x10016318                raise
                0x10016370                signal
                0x100163c0                _init_signal
                0x100163f8                __sigtramp
 .text          0x10016460       0x30 /usr/lib/gcc/arm-none-eabi/13.2.1/../../../arm-none-eabi/lib/thumb/v7e-m/nofp/libc.a(libc_a-signalr.o)
                0x10016460                _kill_r
                0x1001648c                _getpid_r
 .text          0x10016490      0xb40 /usr/lib/gcc/arm-none-eabi/13.2.1/../../../arm-none-eabi/lib/thumb/v7e-m/nofp/libc.a(libc_a-vfiprintf.o)
                0x10016490                _vfiprintf_r
                0x10016f4c                vfiprintf
 .text          0x10016fd0        0x4 /usr/lib/gcc/arm-none-eabi/13.2.1/../../../arm-none-eabi/lib/thumb/v7e-m/nofp/libnosys.a(_exit.o)
                0x10016fd0                _exit
 .text          0x10016fd4      0x378 /usr/lib/gcc/arm-none-eabi/13.2.1/thumb/v7e-m/nofp/libgcc.a(_arm_addsubdf3.o)
                0x10016fd4                __aeabi_drsub
                0x10016fdc                __aeabi_dsub
                0x10016fdc                __subdf3
                0x10016fe0                __adddf3
                0x10016fe0                __aeabi_dadd
                0x10017258                __aeabi_ui2d
                0x10017258                __floatunsidf
                0x10017278                __floatsidf
                0x10017278                __aeabi_i2d
                0x1001729c                __extendsfdf2
                0x1001729c                __aeabi_f2d
                0x100172e0                __aeabi_ul2d
                0x100172e0                __floatundidf
                0x100172f0                __floatdidf
                0x100172f0                __aeabi_l2d
 .text          0x1001734c      0x424 /usr/lib/gcc/arm-none-eabi/13.2.1/thumb/v7e-m/nofp/libgcc.a(_arm_muldivdf3.o)
                0x1001734c                __aeabi_dmul
                0x1001734c                __muldf3
                0x100175a0                __aeabi_ddiv
                0x100175a0                __divdf3
 .text          0x10017770      0x110 /usr/lib/gcc/arm-none-eabi/13.2.1/thumb/v7e-m/nofp/libgcc.a(_arm_cmpdf2.o)
                0x10017770                __gtdf2
                0x10017770                __gedf2
                0x10017778                __ltdf2
                0x10017778                __ledf2
                0x10017780                __cmpdf2
                0x10017780                __eqdf2
                0x10017780                __nedf2
                0x100177fc                __aeabi_cdrcmple
                0x1001780c                __aeabi_cdcmple
                0x1001780c                __aeabi_cdcmpeq
                0x1001781c                __aeabi_dcmpeq
                0x10017830                __aeabi_dcmplt
                0x10017844                __aeabi_dcmple
                0x10017858                __aeabi_dcmpge
                0x1001786c                __aeabi_dcmpgt
 .text          0x10017880       0x2c /usr/lib/gcc/arm-none-eabi/13.2.1/thumb/v7e-m/nofp/libgcc.a(_arm_unorddf2.o)
                0x10017880                __aeabi_dcmpun
                0x10017880                __unorddf2
 .text          0x100178ac       0x50 /usr/lib/gcc/arm-none-eabi/13.2.1/thumb/v7e-m/nofp/libgcc.a(_arm_fixdfsi.o)
                0x100178ac                __fixdfsi
                0x100178ac                __aeabi_d2iz
 .text          0x100178fc       0x30 /usr/lib/gcc/arm-none-eabi/13.2.1/thumb/v7e-m/nofp/libgcc.a(_aeabi_uldivmod.o)
                0x100178fc                __aeabi_uldivmod
 .text          0x1001792c      0x2bc /usr/lib/gcc/arm-none-eabi/13.2.1/thumb/v7e-m/nofp/libgcc.a(_udivmoddi4.o)
                0x1001792c                __udivmoddi4
 .text          0x10017be8        0x4 /usr/lib/gcc/arm-none-eabi/13.2.1/thumb/v7e-m/nofp/libgcc.a(_dvmd_tls.o)
                0x10017be8                __aeabi_ldiv0
                0x10017be8                __aeabi_idiv0
 *(.rodata*)
 .rodata.decode.str1.4
                0x10017bec      0x5c6 /decoder/build/decoder.o
                                0x1f4 (size before relaxing)
 .rodata.boot_flag.str1.4
                0x100181b2       0x24 /decoder/build/decoder.o
 .rodata.update_subscription.str1.4
                0x100181b2       0x43 /decoder/build/decoder.o
 .rodata.init.str1.4
                0x100181b2       0x1e /decoder/build/decoder.o
 .rodata.main.str1.4
                0x100181b2       0x51 /decoder/build/decoder.o
 .rodata.flash_simple_irq.str1.4
                0x100181b2       0x27 /decoder/build/simple_flash.o
 .rodata.uart_init.str1.4
                0x100181b2       0x1d /decoder/build/simple_uart.o
 *fill*         0x100181b2        0x2 
 .rodata.Td     0x100181b4     0x1000 /decoder/build/aes.o
 .rodata.Te     0x100191b4     0x1000 /decoder/build/aes.o
 .rodata.rcon   0x1001a1b4       0x28 /decoder/build/aes.o
 .rodata.mxc_assert.str1.4
                0x1001a1dc       0x19 /decoder/build/board.o
 .rodata.Board_Init.str1.4
                0x1001a1dc       0x4d /decoder/build/board.o
 .rodata.num_leds
                0x1001a1dc        0x4 /decoder/build/board.o
                0x1001a1dc                num_leds
 .rodata.led_pin
                0x1001a1e0       0x24 /decoder/build/board.o
                0x1001a1e0                led_pin
 .rodata.num_pbs
                0x1001a204        0x4 /decoder/build/board.o
                0x1001a204                num_pbs
 .rodata.pb_pin
                0x1001a208       0x18 /decoder/build/board.o
                0x1001a208                pb_pin
 .rodata.LED_On.str1.4
                0x1001a220       0x43 /decoder/build/led.o
 .rodata.gpio_cfg_uart3
                0x1001a220        0xc /root/msdk-2024_02/Libraries/PeriphDrivers/bin/MAX78000/softfp/libPeriphDriver_softfp.a(pins_ai85.o)
                0x1001a220                gpio_cfg_uart3
 .rodata.gpio_cfg_uart2
                0x1001a22c        0xc /root/msdk-2024_02/Libraries/PeriphDrivers/bin/MAX78000/softfp/libPeriphDriver_softfp.a(pins_ai85.o)
                0x1001a22c                gpio_cfg_uart2
 .rodata.gpio_cfg_uart1
                0x1001a238        0xc /root/msdk-2024_02/Libraries/PeriphDrivers/bin/MAX78000/softfp/libPeriphDriver_softfp.a(pins_ai85.o)
                0x1001a238                gpio_cfg_uart1
 .rodata.gpio_cfg_uart0
                0x1001a244        0xc /root/msdk-2024_02/Libraries/PeriphDrivers/bin/MAX78000/softfp/libPeriphDriver_softfp.a(pins_ai85.o)
                0x1001a244                gpio_cfg_uart0
 .rodata.gpio_cfg_extclk
                0x1001a250        0xc /root/msdk-2024_02/Libraries/PeriphDrivers/bin/MAX78000/softfp/libPeriphDriver_softfp.a(pins_ai85.o)
                0x1001a250                gpio_cfg_extclk
 .rodata.MXC_UART_RevB_Init.str1.4
                0x1001a25c       0x7b /root/msdk-2024_02/Libraries/PeriphDrivers/bin/MAX78000/softfp/libPeriphDriver_softfp.a(uart_revb.o)
 .rodata.MXC_GPIO_Common_Handler.str1.4
                0x1001a25c       0x6e /root/msdk-2024_02/Libraries/PeriphDrivers/bin/MAX78000/softfp/libPeriphDriver_softfp.a(gpio_common.o)
 .rodata.CSWTCH.16
                0x1001a25c       0x10 /root/msdk-2024_02/Libraries/PeriphDrivers/bin/MAX78000/softfp/libPeriphDriver_softfp.a(gpio_common.o)
 .rodata.str1.4
                0x1001a26c        0x2 /usr/lib/gcc/arm-none-eabi/13.2.1/../../../arm-none-eabi/lib/thumb/v7e-m/nofp/libc.a(libc_a-puts.o)
 .rodata        0x1001a26c      0x101 /usr/lib/gcc/arm-none-eabi/13.2.1/../../../arm-none-eabi/lib/thumb/v7e-m/nofp/libc.a(libc_a-ctype_.o)
                0x1001a26c                _ctype_
 .rodata.str1.4
                0x1001a36d       0x42 /usr/lib/gcc/arm-none-eabi/13.2.1/../../../arm-none-eabi/lib/thumb/v7e-m/nofp/libc.a(libc_a-vfprintf.o)
 *fill*         0x1001a36d        0x3 
 .rodata        0x1001a370       0x20 /usr/lib/gcc/arm-none-eabi/13.2.1/../../../arm-none-eabi/lib/thumb/v7e-m/nofp/libc.a(libc_a-vfprintf.o)
 .rodata.str1.4
                0x1001a390       0x54 /usr/lib/gcc/arm-none-eabi/13.2.1/../../../arm-none-eabi/lib/thumb/v7e-m/nofp/libc.a(libc_a-dtoa.o)
 .rodata.str1.4
                0x1001a390       0x43 /usr/lib/gcc/arm-none-eabi/13.2.1/../../../arm-none-eabi/lib/thumb/v7e-m/nofp/libc.a(libc_a-assert.o)
 .rodata.str1.4
                0x1001a390       0x41 /usr/lib/gcc/arm-none-eabi/13.2.1/../../../arm-none-eabi/lib/thumb/v7e-m/nofp/libc.a(libc_a-mprec.o)
 .rodata        0x1001a390      0x128 /usr/lib/gcc/arm-none-eabi/13.2.1/../../../arm-none-eabi/lib/thumb/v7e-m/nofp/libc.a(libc_a-mprec.o)
                0x1001a3a0                __mprec_tens
                0x1001a468                __mprec_tinytens
                0x1001a490                __mprec_bigtens
 .rodata.str1.4
                0x1001a4b8       0x12 /usr/lib/gcc/arm-none-eabi/13.2.1/../../../arm-none-eabi/lib/thumb/v7e-m/nofp/libc.a(libc_a-locale.o)
 .rodata.str1.4
                0x1001a4b8       0x2f /usr/lib/gcc/arm-none-eabi/13.2.1/../../../arm-none-eabi/lib/thumb/v7e-m/nofp/libc.a(libc_a-vfiprintf.o)
 .rodata        0x1001a4b8       0x20 /usr/lib/gcc/arm-none-eabi/13.2.1/../../../arm-none-eabi/lib/thumb/v7e-m/nofp/libc.a(libc_a-vfiprintf.o)
 *(.init)
 .init          0x1001a4d8        0x4 /usr/lib/gcc/arm-none-eabi/13.2.1/thumb/v7e-m/nofp/crti.o
                0x1001a4d8                _init
 .init          0x1001a4dc        0x8 /usr/lib/gcc/arm-none-eabi/13.2.1/thumb/v7e-m/nofp/crtn.o
 *(.fini)
 .fini          0x1001a4e4        0x4 /usr/lib/gcc/arm-none-eabi/13.2.1/thumb/v7e-m/nofp/crti.o
                0x1001a4e4                _fini
 .fini          0x1001a4e8        0x8 /usr/lib/gcc/arm-none-eabi/13.2.1/thumb/v7e-m/nofp/crtn.o
 .fini.__stub   0x1001a4f0       0x20 linker stubs
 *(.eh_frame*)
 .eh_frame      0x1001a510        0x0 /usr/lib/gcc/arm-none-eabi/13.2.1/thumb/v7e-m/nofp/crtbegin.o
 .eh_frame      0x1001a510       0x34 /usr/lib/gcc/arm-none-eabi/13.2.1/../../../arm-none-eabi/lib/thumb/v7e-m/nofp/libc.a(libc_a-strlen.o)
 .eh_frame      0x1001a544       0x2c /usr/lib/gcc/arm-none-eabi/13.2.1/../../../arm-none-eabi/lib/thumb/v7e-m/nofp/libc.a(libc_a-memcpy.o)
 .eh_frame      0x1001a570       0x50 /usr/lib/gcc/arm-none-eabi/13.2.1/../../../arm-none-eabi/lib/thumb/v7e-m/nofp/libc.a(libc_a-memchr.o)
 .eh_frame      0x1001a5c0        0x4 /usr/lib/gcc/arm-none-eabi/13.2.1/thumb/v7e-m/nofp/crtend.o
                0x1001a5c4                        _etext = .

.glue_7         0x1001a5c4        0x0
 .glue_7        0x1001a5c4        0x0 linker stubs

.glue_7t        0x1001a5c4        0x0
 .glue_7t       0x1001a5c4        0x0 linker stubs

.vfp11_veneer   0x1001a5c4        0x0
 .vfp11_veneer  0x1001a5c4        0x0 linker stubs

.v4_bx          0x1001a5c4        0x0
 .v4_bx         0x1001a5c4        0x0 linker stubs

.iplt           0x1001a5c4        0x0
 .iplt          0x1001a5c4        0x0 /usr/lib/gcc/arm-none-eabi/13.2.1/thumb/v7e-m/nofp/crtbegin.o

.bin_storage    0x1001a5c4        0x0
 FILL mask 0xff
                0x1001a5c4                        _bin_start_ = .
 *(.bin_storage_img)
                0x1001a5c4                        _bin_end_ = .
                0x1001a5c4                        . = ALIGN (0x4)

.rom_code       0x00000000        0x0
                0x00000000                        . = ALIGN (0x10)
                0x20000000                        _sran_code = .
 *(.rom_code_section)
                0x20000000                        _esran_code = .

.flash_code     0x1001a5c4        0xc
                0x1001a5d0                        . = ALIGN (0x10)
 *fill*         0x1001a5c4        0xc 
                0x20000000                        _sran_code = .
 *(.flash_code_section)
                0x20000000                        _esran_code = .

.sram_code      0x20000000        0x0
                0x20000000                        . = ALIGN (0x10)
                0x20000000                        _sran_code = .
 *(.sram_code_section)
                0x20000000                        _esran_code = .

.ARM.exidx      0x1001a5d0        0x8
                0x1001a5d0                        __exidx_start = .
 *(.ARM.exidx*)
 .ARM.exidx     0x1001a5d0        0x8 /usr/lib/gcc/arm-none-eabi/13.2.1/../../../arm-none-eabi/lib/thumb/v7e-m/nofp/libc.a(libc_a-strlen.o)
 .ARM.exidx     0x1001a5d8        0x0 /usr/lib/gcc/arm-none-eabi/13.2.1/../../../arm-none-eabi/lib/thumb/v7e-m/nofp/libc.a(libc_a-memcpy.o)
                                  0x8 (size before relaxing)
 .ARM.exidx     0x1001a5d8        0x0 /usr/lib/gcc/arm-none-eabi/13.2.1/../../../arm-none-eabi/lib/thumb/v7e-m/nofp/libc.a(libc_a-memchr.o)
                                  0x8 (size before relaxing)
 .ARM.exidx     0x1001a5d8        0x0 /usr/lib/gcc/arm-none-eabi/13.2.1/thumb/v7e-m/nofp/libgcc.a(_udivmoddi4.o)
                                  0x8 (size before relaxing)
                0x1001a5d8                        __exidx_end = .

.rel.dyn        0x1001a5d8        0x0
 .rel.iplt      0x1001a5d8        0x0 /usr/lib/gcc/arm-none-eabi/13.2.1/thumb/v7e-m/nofp/crtbegin.o

.data           0x20000000      0xbc4 load address 0x1001a5d8
                0x20000000                        _data = ALIGN (., 0x4)
 *(.data*)
 .data.ConsoleUart
                0x20000000        0x4 /decoder/build/board.o
                0x20000000                ConsoleUart
 .data.overflows
                0x20000004        0x4 /root/msdk-2024_02/Libraries/PeriphDrivers/bin/MAX78000/softfp/libPeriphDriver_softfp.a(mxc_delay.o)
 .data.flc_int  0x20000008        0x4 /root/msdk-2024_02/Libraries/PeriphDrivers/bin/MAX78000/softfp/libPeriphDriver_softfp.a(flc_reva.o)
 *fill*         0x2000000c        0x4 
 .data          0x20000010      0x128 /usr/lib/gcc/arm-none-eabi/13.2.1/../../../arm-none-eabi/lib/thumb/v7e-m/nofp/libc.a(libc_a-impure.o)
                0x20000010                _impure_ptr
                0x20000018                _impure_data
 .data          0x20000138        0xc /usr/lib/gcc/arm-none-eabi/13.2.1/../../../arm-none-eabi/lib/thumb/v7e-m/nofp/libc.a(libc_a-findfp.o)
                0x20000138                __sglue
 *fill*         0x20000144        0x4 
 .data          0x20000148      0x410 /usr/lib/gcc/arm-none-eabi/13.2.1/../../../arm-none-eabi/lib/thumb/v7e-m/nofp/libc.a(libc_a-mallocr.o)
                0x20000148                __malloc_av_
                0x20000550                __malloc_sbrk_base
                0x20000554                __malloc_trim_threshold
 .data          0x20000558      0x16c /usr/lib/gcc/arm-none-eabi/13.2.1/../../../arm-none-eabi/lib/thumb/v7e-m/nofp/libc.a(libc_a-locale.o)
                0x20000558                __global_locale
 *(.flashprog*)
 .flashprog     0x200006c4       0xcc /root/msdk-2024_02/Libraries/PeriphDrivers/bin/MAX78000/softfp/libPeriphDriver_softfp.a(flc_me17.o)
                0x200006c4                MXC_FLC_Busy
                0x200006c8                MXC_FLC_PageErase
                0x20000728                MXC_FLC_Write128
 .flashprog     0x20000790      0x310 /root/msdk-2024_02/Libraries/PeriphDrivers/bin/MAX78000/softfp/libPeriphDriver_softfp.a(flc_reva.o)
                0x20000790                MXC_FLC_RevA_Busy
                0x200007a0                MXC_FLC_RevA_MassErase
                0x2000081c                MXC_FLC_RevA_PageErase
                0x20000898                MXC_FLC_RevA_Write32
                0x20000938                MXC_FLC_RevA_Write32Using128
                0x20000a04                MXC_FLC_RevA_Write128
 .flashprog     0x20000aa0      0x108 /root/msdk-2024_02/Libraries/PeriphDrivers/bin/MAX78000/softfp/libPeriphDriver_softfp.a(flc_common.o)
                0x20000aa0                MXC_FLC_Com_VerifyData
                0x20000ac8                MXC_FLC_Com_Write
                0x20000b9c                MXC_FLC_Com_Read
 .flashprog.__stub
                0x20000ba8       0x10 linker stubs
                0x20000bb8                        . = ALIGN (0x4)
                0x20000bb8                        PROVIDE (__preinit_array_start = .)
 *(.preinit_array)
                0x20000bb8                        PROVIDE (__preinit_array_end = .)
                0x20000bb8                        . = ALIGN (0x4)
                0x20000bb8                        PROVIDE (__init_array_start = .)
 *(SORT_BY_NAME(.init_array.*))
 .init_array.00000
                0x20000bb8        0x4 /usr/lib/gcc/arm-none-eabi/13.2.1/../../../arm-none-eabi/lib/thumb/v7e-m/nofp/libc.a(libc_a-__call_atexit.o)
 *(.init_array)
 .init_array    0x20000bbc        0x4 /usr/lib/gcc/arm-none-eabi/13.2.1/thumb/v7e-m/nofp/crtbegin.o
                0x20000bc0                        PROVIDE (__init_array_end = .)
                0x20000bc0                        . = ALIGN (0x4)
                0x20000bc0                        PROVIDE (__fini_array_start = .)
 *(SORT_BY_NAME(.fini_array.*))
 *(.fini_array)
 .fini_array    0x20000bc0        0x4 /usr/lib/gcc/arm-none-eabi/13.2.1/thumb/v7e-m/nofp/crtbegin.o
                0x20000bc4                        PROVIDE (__fini_array_end = .)
                0x20000bc4                        _edata = ALIGN (., 0x4)
                0x1001a5d8                        __load_data = LOADADDR (.data)

.tm_clone_table
                0x20000bc4        0x0 load address 0x1001b19c
 .tm_clone_table
                0x20000bc4        0x0 /usr/lib/gcc/arm-none-eabi/13.2.1/thumb/v7e-m/nofp/crtbegin.o
 .tm_clone_table
                0x20000bc4        0x0 /usr/lib/gcc/arm-none-eabi/13.2.1/thumb/v7e-m/nofp/crtend.o

.igot.plt       0x20000bc4        0x0 load address 0x1001b19c
 .igot.plt      0x20000bc4        0x0 /usr/lib/gcc/arm-none-eabi/13.2.1/thumb/v7e-m/nofp/crtbegin.o

.bss            0x20000c00      0xb3c load address 0x1001b19c
                0x20000c00                        . = ALIGN (0x4)
                0x20000c00                        _bss = .
 *(.bss*)
 .bss           0x20000c00       0x1c /usr/lib/gcc/arm-none-eabi/13.2.1/thumb/v7e-m/nofp/crtbegin.o
 .bss.G_K_MASTER
                0x20000c1c       0x10 /decoder/build/decoder.o
 .bss.g_channel_key
                0x20000c2c       0x20 /decoder/build/decoder.o
 *fill*         0x20000c4c        0x4 
 .bss.decoder_status
                0x20000c50       0xc8 /decoder/build/decoder.o
 .bss.heap_end  0x20000d18        0x4 /decoder/build/heap.o
 .bss.cbFunc    0x20000d1c        0x4 /root/msdk-2024_02/Libraries/PeriphDrivers/bin/MAX78000/softfp/libPeriphDriver_softfp.a(mxc_delay.o)
 .bss.ctrl_save
                0x20000d20        0x4 /root/msdk-2024_02/Libraries/PeriphDrivers/bin/MAX78000/softfp/libPeriphDriver_softfp.a(mxc_delay.o)
 .bss.endtick   0x20000d24        0x4 /root/msdk-2024_02/Libraries/PeriphDrivers/bin/MAX78000/softfp/libPeriphDriver_softfp.a(mxc_delay.o)
 *fill*         0x20000d28       0xd8 
 .bss.ramVectorTable
                0x20000e00      0x1e0 /root/msdk-2024_02/Libraries/PeriphDrivers/bin/MAX78000/softfp/libPeriphDriver_softfp.a(nvic_table.o)
 .bss.states    0x20000fe0       0x50 /root/msdk-2024_02/Libraries/PeriphDrivers/bin/MAX78000/softfp/libPeriphDriver_softfp.a(uart_revb.o)
                0x20000fe0                states
 .bss.initialized
                0x20001030        0x1 /root/msdk-2024_02/Libraries/PeriphDrivers/bin/MAX78000/softfp/libPeriphDriver_softfp.a(gpio_common.o)
 *fill*         0x20001031        0x3 
 .bss.cbparam   0x20001034      0x200 /root/msdk-2024_02/Libraries/PeriphDrivers/bin/MAX78000/softfp/libPeriphDriver_softfp.a(gpio_common.o)
 .bss.callback  0x20001234      0x200 /root/msdk-2024_02/Libraries/PeriphDrivers/bin/MAX78000/softfp/libPeriphDriver_softfp.a(gpio_common.o)
 .bss           0x20001434      0x13c /usr/lib/gcc/arm-none-eabi/13.2.1/../../../arm-none-eabi/lib/thumb/v7e-m/nofp/libc.a(libc_a-findfp.o)
                0x20001434                __sf
                0x2000156c                __stdio_exit_handler
 .bss           0x20001570       0x34 /usr/lib/gcc/arm-none-eabi/13.2.1/../../../arm-none-eabi/lib/thumb/v7e-m/nofp/libc.a(libc_a-mallocr.o)
                0x20001570                __malloc_top_pad
                0x20001574                __malloc_current_mallinfo
                0x2000159c                __malloc_max_sbrked_mem
                0x200015a0                __malloc_max_total_mem
 .bss           0x200015a4        0x4 /usr/lib/gcc/arm-none-eabi/13.2.1/../../../arm-none-eabi/lib/thumb/v7e-m/nofp/libc.a(libc_a-__call_atexit.o)
                0x200015a4                __atexit
 .bss           0x200015a8        0x4 /usr/lib/gcc/arm-none-eabi/13.2.1/../../../arm-none-eabi/lib/thumb/v7e-m/nofp/libc.a(libc_a-reent.o)
                0x200015a8                errno
 .bss           0x200015ac      0x190 /usr/lib/gcc/arm-none-eabi/13.2.1/../../../arm-none-eabi/lib/thumb/v7e-m/nofp/libc.a(libc_a-__atexit.o)
                0x200015ac                __atexit0
 *(COMMON)
                0x2000173c                        _ebss = ALIGN (., 0x4)

.shared         0x2000173c        0x4 load address 0x1001b19c
                0x2000173c                        . = ALIGN (0x4)
                0x2000173c                        _shared = .
 *(.mailbox*)
                0x2000173c                        . = ALIGN (0x4)
 *(.shared*)
 .shared        0x2000173c        0x4 /decoder/build/system_max78000.o
                0x2000173c                SystemCoreClock
                0x20001740                        _eshared = ALIGN (., 0x4)
                0x1001b19c                        __shared_data = LOADADDR (.shared)
                0x20020000                        __StackTop = (ORIGIN (SRAM) + LENGTH (SRAM))
                0x2001f000                        __StackLimit = (__StackTop - SIZEOF (.stack_dummy))

.stack_dummy    0x20001740     0x1000 load address 0x1001b1a0
 *(.stack*)
 .stack         0x20001740     0x1000 /decoder/build/startup_firmware.o

.heap           0x20001740      0xc00 load address 0x1001b1a0
                0x20001740                        . = ALIGN (0x4)
 *(.heap*)
 .heap          0x20001740      0xc00 /decoder/build/startup_firmware.o
                0x20001740                __HeapBase
                0x2001f000                        __HeapLimit = ABSOLUTE (__StackLimit)
                0x20020000                        PROVIDE (__stack = __StackTop)
                0x00000001                        ASSERT ((__StackLimit >= _ebss), region RAM overflowed with stack)
OUTPUT(/decoder/build/max78000.elf elf32-littlearm)
LOAD linker stubs

.ARM.attributes
                0x00000000       0x2a
 .ARM.attributes
                0x00000000       0x1e /usr/lib/gcc/arm-none-eabi/13.2.1/thumb/v7e-m/nofp/crti.o
 .ARM.attributes
                0x0000001e       0x2e /usr/lib/gcc/arm-none-eabi/13.2.1/thumb/v7e-m/nofp/crtbegin.o
 .ARM.attributes
                0x0000004c       0x2e /decoder/build/decoder.o
 .ARM.attributes
                0x0000007a       0x2e /decoder/build/host_messaging.o
 .ARM.attributes
                0x000000a8       0x2e /decoder/build/simple_flash.o
 .ARM.attributes
                0x000000d6       0x2e /decoder/build/simple_uart.o
 .ARM.attributes
                0x00000104       0x2e /decoder/build/aes.o
 .ARM.attributes
                0x00000132       0x2e /decoder/build/board.o
 .ARM.attributes
                0x00000160       0x2e /decoder/build/stdio.o
 .ARM.attributes
                0x0000018e       0x2e /decoder/build/led.o
 .ARM.attributes
                0x000001bc       0x2e /decoder/build/pb.o
 .ARM.attributes
                0x000001ea       0x1b /decoder/build/startup_firmware.o
 .ARM.attributes
                0x00000205       0x2e /decoder/build/heap.o
 .ARM.attributes
                0x00000233       0x2e /decoder/build/system_max78000.o
 .ARM.attributes
                0x00000261       0x2e /root/msdk-2024_02/Libraries/PeriphDrivers/bin/MAX78000/softfp/libPeriphDriver_softfp.a(mxc_delay.o)
 .ARM.attributes
                0x0000028f       0x2e /root/msdk-2024_02/Libraries/PeriphDrivers/bin/MAX78000/softfp/libPeriphDriver_softfp.a(nvic_table.o)
 .ARM.attributes
                0x000002bd       0x2e /root/msdk-2024_02/Libraries/PeriphDrivers/bin/MAX78000/softfp/libPeriphDriver_softfp.a(pins_ai85.o)
 .ARM.attributes
                0x000002eb       0x2e /root/msdk-2024_02/Libraries/PeriphDrivers/bin/MAX78000/softfp/libPeriphDriver_softfp.a(sys_ai85.o)
 .ARM.attributes
                0x00000319       0x2e /root/msdk-2024_02/Libraries/PeriphDrivers/bin/MAX78000/softfp/libPeriphDriver_softfp.a(flc_me17.o)
 .ARM.attributes
                0x00000347       0x2e /root/msdk-2024_02/Libraries/PeriphDrivers/bin/MAX78000/softfp/libPeriphDriver_softfp.a(flc_reva.o)
 .ARM.attributes
                0x00000375       0x2e /root/msdk-2024_02/Libraries/PeriphDrivers/bin/MAX78000/softfp/libPeriphDriver_softfp.a(gpio_ai85.o)
 .ARM.attributes
                0x000003a3       0x2e /root/msdk-2024_02/Libraries/PeriphDrivers/bin/MAX78000/softfp/libPeriphDriver_softfp.a(gpio_reva.o)
 .ARM.attributes
                0x000003d1       0x2e /root/msdk-2024_02/Libraries/PeriphDrivers/bin/MAX78000/softfp/libPeriphDriver_softfp.a(icc_me17.o)
 .ARM.attributes
                0x000003ff       0x2e /root/msdk-2024_02/Libraries/PeriphDrivers/bin/MAX78000/softfp/libPeriphDriver_softfp.a(icc_reva.o)
 .ARM.attributes
                0x0000042d       0x2e /root/msdk-2024_02/Libraries/PeriphDrivers/bin/MAX78000/softfp/libPeriphDriver_softfp.a(uart_ai85.o)
 .ARM.attributes
                0x0000045b       0x2e /root/msdk-2024_02/Libraries/PeriphDrivers/bin/MAX78000/softfp/libPeriphDriver_softfp.a(uart_common.o)
 .ARM.attributes
                0x00000489       0x2e /root/msdk-2024_02/Libraries/PeriphDrivers/bin/MAX78000/softfp/libPeriphDriver_softfp.a(uart_revb.o)
 .ARM.attributes
                0x000004b7       0x2e /root/msdk-2024_02/Libraries/PeriphDrivers/bin/MAX78000/softfp/libPeriphDriver_softfp.a(flc_common.o)
 .ARM.attributes
                0x000004e5       0x2e /root/msdk-2024_02/Libraries/PeriphDrivers/bin/MAX78000/softfp/libPeriphDriver_softfp.a(gpio_common.o)
 .ARM.attributes
                0x00000513       0x1c /usr/lib/gcc/arm-none-eabi/13.2.1/../../../arm-none-eabi/lib/thumb/v7e-m/nofp/libc.a(libc_a-strlen.o)
 .ARM.attributes
                0x0000052f       0x2e /usr/lib/gcc/arm-none-eabi/13.2.1/../../../arm-none-eabi/lib/thumb/v7e-m/nofp/libc.a(libc_a-memset.o)
 .ARM.attributes
                0x0000055d       0x2e /usr/lib/gcc/arm-none-eabi/13.2.1/../../../arm-none-eabi/lib/thumb/v7e-m/nofp/libc.a(libc_a-fflush.o)
 .ARM.attributes
                0x0000058b       0x2e /usr/lib/gcc/arm-none-eabi/13.2.1/../../../arm-none-eabi/lib/thumb/v7e-m/nofp/libc.a(libc_a-memmove.o)
 .ARM.attributes
                0x000005b9       0x2e /usr/lib/gcc/arm-none-eabi/13.2.1/../../../arm-none-eabi/lib/thumb/v7e-m/nofp/libc.a(libc_a-errno.o)
 .ARM.attributes
                0x000005e7       0x2e /usr/lib/gcc/arm-none-eabi/13.2.1/../../../arm-none-eabi/lib/thumb/v7e-m/nofp/libc.a(libc_a-impure.o)
 .ARM.attributes
                0x00000615       0x2e /usr/lib/gcc/arm-none-eabi/13.2.1/../../../arm-none-eabi/lib/thumb/v7e-m/nofp/libc.a(libc_a-freer.o)
 .ARM.attributes
                0x00000643       0x2e /usr/lib/gcc/arm-none-eabi/13.2.1/../../../arm-none-eabi/lib/thumb/v7e-m/nofp/libc.a(libc_a-memcmp.o)
 .ARM.attributes
                0x00000671       0x2e /usr/lib/gcc/arm-none-eabi/13.2.1/../../../arm-none-eabi/lib/thumb/v7e-m/nofp/libc.a(libc_a-fclose.o)
 .ARM.attributes
                0x0000069f       0x2e /usr/lib/gcc/arm-none-eabi/13.2.1/../../../arm-none-eabi/lib/thumb/v7e-m/nofp/libc.a(libc_a-malloc.o)
 .ARM.attributes
                0x000006cd       0x1c /usr/lib/gcc/arm-none-eabi/13.2.1/../../../arm-none-eabi/lib/thumb/v7e-m/nofp/libc.a(libc_a-memcpy.o)
 .ARM.attributes
                0x000006e9       0x2e /usr/lib/gcc/arm-none-eabi/13.2.1/../../../arm-none-eabi/lib/thumb/v7e-m/nofp/libc.a(libc_a-sysconf.o)
 .ARM.attributes
                0x00000717       0x2e /usr/lib/gcc/arm-none-eabi/13.2.1/../../../arm-none-eabi/lib/thumb/v7e-m/nofp/libc.a(libc_a-stdio.o)
 .ARM.attributes
                0x00000745       0x2e /usr/lib/gcc/arm-none-eabi/13.2.1/../../../arm-none-eabi/lib/thumb/v7e-m/nofp/libc.a(libc_a-init.o)
 .ARM.attributes
                0x00000773       0x2e /usr/lib/gcc/arm-none-eabi/13.2.1/../../../arm-none-eabi/lib/thumb/v7e-m/nofp/libc.a(libc_a-reallocr.o)
 .ARM.attributes
                0x000007a1       0x2e /usr/lib/gcc/arm-none-eabi/13.2.1/../../../arm-none-eabi/lib/thumb/v7e-m/nofp/libc.a(libc_a-writer.o)
 .ARM.attributes
                0x000007cf       0x2e /usr/lib/gcc/arm-none-eabi/13.2.1/../../../arm-none-eabi/lib/thumb/v7e-m/nofp/libc.a(libc_a-fstatr.o)
 .ARM.attributes
                0x000007fd       0x2e /usr/lib/gcc/arm-none-eabi/13.2.1/../../../arm-none-eabi/lib/thumb/v7e-m/nofp/libc.a(libc_a-fwrite.o)
 .ARM.attributes
                0x0000082b       0x2e /usr/lib/gcc/arm-none-eabi/13.2.1/../../../arm-none-eabi/lib/thumb/v7e-m/nofp/libc.a(libc_a-mlock.o)
 .ARM.attributes
                0x00000859       0x2e /usr/lib/gcc/arm-none-eabi/13.2.1/../../../arm-none-eabi/lib/thumb/v7e-m/nofp/libc.a(libc_a-findfp.o)
 .ARM.attributes
                0x00000887       0x2e /usr/lib/gcc/arm-none-eabi/13.2.1/../../../arm-none-eabi/lib/thumb/v7e-m/nofp/libc.a(libc_a-puts.o)
 .ARM.attributes
                0x000008b5       0x2e /usr/lib/gcc/arm-none-eabi/13.2.1/../../../arm-none-eabi/lib/thumb/v7e-m/nofp/libc.a(libc_a-fvwrite.o)
 .ARM.attributes
                0x000008e3       0x2e /usr/lib/gcc/arm-none-eabi/13.2.1/../../../arm-none-eabi/lib/thumb/v7e-m/nofp/libc.a(libc_a-ctype_.o)
 .ARM.attributes
                0x00000911       0x2e /usr/lib/gcc/arm-none-eabi/13.2.1/../../../arm-none-eabi/lib/thumb/v7e-m/nofp/libc.a(libc_a-atexit.o)
 .ARM.attributes
                0x0000093f       0x2e /usr/lib/gcc/arm-none-eabi/13.2.1/../../../arm-none-eabi/lib/thumb/v7e-m/nofp/libc.a(libc_a-printf.o)
 .ARM.attributes
                0x0000096d       0x2e /usr/lib/gcc/arm-none-eabi/13.2.1/../../../arm-none-eabi/lib/thumb/v7e-m/nofp/libc.a(libc_a-sbrkr.o)
 .ARM.attributes
                0x0000099b       0x2e /usr/lib/gcc/arm-none-eabi/13.2.1/../../../arm-none-eabi/lib/thumb/v7e-m/nofp/libc.a(libc_a-closer.o)
 .ARM.attributes
                0x000009c9       0x2e /usr/lib/gcc/arm-none-eabi/13.2.1/../../../arm-none-eabi/lib/thumb/v7e-m/nofp/libc.a(libc_a-fini.o)
 .ARM.attributes
                0x000009f7       0x2e /usr/lib/gcc/arm-none-eabi/13.2.1/../../../arm-none-eabi/lib/thumb/v7e-m/nofp/libc.a(libc_a-fwalk.o)
 .ARM.attributes
                0x00000a25       0x2e /usr/lib/gcc/arm-none-eabi/13.2.1/../../../arm-none-eabi/lib/thumb/v7e-m/nofp/libc.a(libc_a-vfprintf.o)
 .ARM.attributes
                0x00000a53       0x2e /usr/lib/gcc/arm-none-eabi/13.2.1/../../../arm-none-eabi/lib/thumb/v7e-m/nofp/libc.a(libc_a-makebuf.o)
 .ARM.attributes
                0x00000a81       0x1c /usr/lib/gcc/arm-none-eabi/13.2.1/../../../arm-none-eabi/lib/thumb/v7e-m/nofp/libc.a(libc_a-memchr.o)
 .ARM.attributes
                0x00000a9d       0x2e /usr/lib/gcc/arm-none-eabi/13.2.1/../../../arm-none-eabi/lib/thumb/v7e-m/nofp/libc.a(libc_a-readr.o)
 .ARM.attributes
                0x00000acb       0x2e /usr/lib/gcc/arm-none-eabi/13.2.1/../../../arm-none-eabi/lib/thumb/v7e-m/nofp/libc.a(libc_a-mallocr.o)
 .ARM.attributes
                0x00000af9       0x2e /usr/lib/gcc/arm-none-eabi/13.2.1/../../../arm-none-eabi/lib/thumb/v7e-m/nofp/libc.a(libc_a-dtoa.o)
 .ARM.attributes
                0x00000b27       0x2e /usr/lib/gcc/arm-none-eabi/13.2.1/../../../arm-none-eabi/lib/thumb/v7e-m/nofp/libc.a(libc_a-wsetup.o)
 .ARM.attributes
                0x00000b55       0x2e /usr/lib/gcc/arm-none-eabi/13.2.1/../../../arm-none-eabi/lib/thumb/v7e-m/nofp/libc.a(libc_a-lseekr.o)
 .ARM.attributes
                0x00000b83       0x2e /usr/lib/gcc/arm-none-eabi/13.2.1/../../../arm-none-eabi/lib/thumb/v7e-m/nofp/libc.a(libc_a-__call_atexit.o)
 .ARM.attributes
                0x00000bb1       0x2e /usr/lib/gcc/arm-none-eabi/13.2.1/../../../arm-none-eabi/lib/thumb/v7e-m/nofp/libc.a(libc_a-reent.o)
 .ARM.attributes
                0x00000bdf       0x2e /usr/lib/gcc/arm-none-eabi/13.2.1/../../../arm-none-eabi/lib/thumb/v7e-m/nofp/libc.a(libc_a-__atexit.o)
 .ARM.attributes
                0x00000c0d       0x2e /usr/lib/gcc/arm-none-eabi/13.2.1/../../../arm-none-eabi/lib/thumb/v7e-m/nofp/libc.a(libc_a-isattyr.o)
 .ARM.attributes
                0x00000c3b       0x2e /usr/lib/gcc/arm-none-eabi/13.2.1/../../../arm-none-eabi/lib/thumb/v7e-m/nofp/libc.a(libc_a-sprint_r.o)
 .ARM.attributes
                0x00000c69       0x2e /usr/lib/gcc/arm-none-eabi/13.2.1/../../../arm-none-eabi/lib/thumb/v7e-m/nofp/libc.a(libc_a-assert.o)
 .ARM.attributes
                0x00000c97       0x2e /usr/lib/gcc/arm-none-eabi/13.2.1/../../../arm-none-eabi/lib/thumb/v7e-m/nofp/libc.a(libc_a-mprec.o)
 .ARM.attributes
                0x00000cc5       0x2e /usr/lib/gcc/arm-none-eabi/13.2.1/../../../arm-none-eabi/lib/thumb/v7e-m/nofp/libc.a(libc_a-localeconv.o)
 .ARM.attributes
                0x00000cf3       0x2e /usr/lib/gcc/arm-none-eabi/13.2.1/../../../arm-none-eabi/lib/thumb/v7e-m/nofp/libc.a(libc_a-locale.o)
 .ARM.attributes
                0x00000d21       0x2e /usr/lib/gcc/arm-none-eabi/13.2.1/../../../arm-none-eabi/lib/thumb/v7e-m/nofp/libc.a(libc_a-mbtowc_r.o)
 .ARM.attributes
                0x00000d4f       0x2e /usr/lib/gcc/arm-none-eabi/13.2.1/../../../arm-none-eabi/lib/thumb/v7e-m/nofp/libc.a(libc_a-abort.o)
 .ARM.attributes
                0x00000d7d       0x2e /usr/lib/gcc/arm-none-eabi/13.2.1/../../../arm-none-eabi/lib/thumb/v7e-m/nofp/libc.a(libc_a-callocr.o)
 .ARM.attributes
                0x00000dab       0x2e /usr/lib/gcc/arm-none-eabi/13.2.1/../../../arm-none-eabi/lib/thumb/v7e-m/nofp/libc.a(libc_a-fiprintf.o)
 .ARM.attributes
                0x00000dd9       0x2e /usr/lib/gcc/arm-none-eabi/13.2.1/../../../arm-none-eabi/lib/thumb/v7e-m/nofp/libc.a(libc_a-wctomb_r.o)
 .ARM.attributes
                0x00000e07       0x2e /usr/lib/gcc/arm-none-eabi/13.2.1/../../../arm-none-eabi/lib/thumb/v7e-m/nofp/libc.a(libc_a-signal.o)
 .ARM.attributes
                0x00000e35       0x2e /usr/lib/gcc/arm-none-eabi/13.2.1/../../../arm-none-eabi/lib/thumb/v7e-m/nofp/libc.a(libc_a-signalr.o)
 .ARM.attributes
                0x00000e63       0x2e /usr/lib/gcc/arm-none-eabi/13.2.1/../../../arm-none-eabi/lib/thumb/v7e-m/nofp/libc.a(libc_a-vfiprintf.o)
 .ARM.attributes
                0x00000e91       0x2e /usr/lib/gcc/arm-none-eabi/13.2.1/../../../arm-none-eabi/lib/thumb/v7e-m/nofp/libnosys.a(_exit.o)
 .ARM.attributes
                0x00000ebf       0x1e /usr/lib/gcc/arm-none-eabi/13.2.1/thumb/v7e-m/nofp/libgcc.a(_arm_addsubdf3.o)
 .ARM.attributes
                0x00000edd       0x1e /usr/lib/gcc/arm-none-eabi/13.2.1/thumb/v7e-m/nofp/libgcc.a(_arm_muldivdf3.o)
 .ARM.attributes
                0x00000efb       0x1e /usr/lib/gcc/arm-none-eabi/13.2.1/thumb/v7e-m/nofp/libgcc.a(_arm_cmpdf2.o)
 .ARM.attributes
                0x00000f19       0x1e /usr/lib/gcc/arm-none-eabi/13.2.1/thumb/v7e-m/nofp/libgcc.a(_arm_unorddf2.o)
 .ARM.attributes
                0x00000f37       0x1e /usr/lib/gcc/arm-none-eabi/13.2.1/thumb/v7e-m/nofp/libgcc.a(_arm_fixdfsi.o)
 .ARM.attributes
                0x00000f55       0x1e /usr/lib/gcc/arm-none-eabi/13.2.1/thumb/v7e-m/nofp/libgcc.a(_aeabi_uldivmod.o)
 .ARM.attributes
                0x00000f73       0x2e /usr/lib/gcc/arm-none-eabi/13.2.1/thumb/v7e-m/nofp/libgcc.a(_udivmoddi4.o)
 .ARM.attributes
                0x00000fa1       0x1e /usr/lib/gcc/arm-none-eabi/13.2.1/thumb/v7e-m/nofp/libgcc.a(_dvmd_tls.o)
 .ARM.attributes
                0x00000fbf       0x2e /usr/lib/gcc/arm-none-eabi/13.2.1/thumb/v7e-m/nofp/crtend.o
 .ARM.attributes
                0x00000fed       0x1e /usr/lib/gcc/arm-none-eabi/13.2.1/thumb/v7e-m/nofp/crtn.o

.comment        0x00000000       0x26
 .comment       0x00000000       0x26 /usr/lib/gcc/arm-none-eabi/13.2.1/thumb/v7e-m/nofp/crtbegin.o
                                 0x27 (size before relaxing)
 .comment       0x00000026       0x27 /decoder/build/decoder.o
 .comment       0x00000026       0x27 /decoder/build/host_messaging.o
 .comment       0x00000026       0x27 /decoder/build/simple_flash.o
 .comment       0x00000026       0x27 /decoder/build/simple_uart.o
 .comment       0x00000026       0x27 /decoder/build/aes.o
 .comment       0x00000026       0x27 /decoder/build/board.o
 .comment       0x00000026       0x27 /decoder/build/stdio.o
 .comment       0x00000026       0x27 /decoder/build/led.o
 .comment       0x00000026       0x27 /decoder/build/pb.o
 .comment       0x00000026       0x27 /decoder/build/heap.o
 .comment       0x00000026       0x27 /decoder/build/system_max78000.o
 .comment       0x00000026       0x27 /root/msdk-2024_02/Libraries/PeriphDrivers/bin/MAX78000/softfp/libPeriphDriver_softfp.a(mxc_delay.o)
 .comment       0x00000026       0x27 /root/msdk-2024_02/Libraries/PeriphDrivers/bin/MAX78000/softfp/libPeriphDriver_softfp.a(nvic_table.o)
 .comment       0x00000026       0x27 /root/msdk-2024_02/Libraries/PeriphDrivers/bin/MAX78000/softfp/libPeriphDriver_softfp.a(pins_ai85.o)
 .comment       0x00000026       0x27 /root/msdk-2024_02/Libraries/PeriphDrivers/bin/MAX78000/softfp/libPeriphDriver_softfp.a(sys_ai85.o)
 .comment       0x00000026       0x27 /root/msdk-2024_02/Libraries/PeriphDrivers/bin/MAX78000/softfp/libPeriphDriver_softfp.a(flc_me17.o)
 .comment       0x00000026       0x27 /root/msdk-2024_02/Libraries/PeriphDrivers/bin/MAX78000/softfp/libPeriphDriver_softfp.a(flc_reva.o)
 .comment       0x00000026       0x27 /root/msdk-2024_02/Libraries/PeriphDrivers/bin/MAX78000/softfp/libPeriphDriver_softfp.a(gpio_ai85.o)
 .comment       0x00000026       0x27 /root/msdk-2024_02/Libraries/PeriphDrivers/bin/MAX78000/softfp/libPeriphDriver_softfp.a(gpio_reva.o)
 .comment       0x00000026       0x27 /root/msdk-2024_02/Libraries/PeriphDrivers/bin/MAX78000/softfp/libPeriphDriver_softfp.a(icc_me17.o)
 .comment       0x00000026       0x27 /root/msdk-2024_02/Libraries/PeriphDrivers/bin/MAX78000/softfp/libPeriphDriver_softfp.a(icc_reva.o)
 .comment       0x00000026       0x27 /root/msdk-2024_02/Libraries/PeriphDrivers/bin/MAX78000/softfp/libPeriphDriver_softfp.a(uart_ai85.o)
 .comment       0x00000026       0x27 /root/msdk-2024_02/Libraries/PeriphDrivers/bin/MAX78000/softfp/libPeriphDriver_softfp.a(uart_common.o)
 .comment       0x00000026       0x27 /root/msdk-2024_02/Libraries/PeriphDrivers/bin/MAX78000/softfp/libPeriphDriver_softfp.a(uart_revb.o)
 .comment       0x00000026       0x27 /root/msdk-2024_02/Libraries/PeriphDrivers/bin/MAX78000/softfp/libPeriphDriver_softfp.a(flc_common.o)
 .comment       0x00000026       0x27 /root/msdk-2024_02/Libraries/PeriphDrivers/bin/MAX78000/softfp/libPeriphDriver_softfp.a(gpio_common.o)
 .comment       0x00000026       0x27 /usr/lib/gcc/arm-none-eabi/13.2.1/../../../arm-none-eabi/lib/thumb/v7e-m/nofp/libc.a(libc_a-memset.o)
 .comment       0x00000026       0x27 /usr/lib/gcc/arm-none-eabi/13.2.1/../../../arm-none-eabi/lib/thumb/v7e-m/nofp/libc.a(libc_a-fflush.o)
 .comment       0x00000026       0x27 /usr/lib/gcc/arm-none-eabi/13.2.1/../../../arm-none-eabi/lib/thumb/v7e-m/nofp/libc.a(libc_a-memmove.o)
 .comment       0x00000026       0x27 /usr/lib/gcc/arm-none-eabi/13.2.1/../../../arm-none-eabi/lib/thumb/v7e-m/nofp/libc.a(libc_a-errno.o)
 .comment       0x00000026       0x27 /usr/lib/gcc/arm-none-eabi/13.2.1/../../../arm-none-eabi/lib/thumb/v7e-m/nofp/libc.a(libc_a-impure.o)
 .comment       0x00000026       0x27 /usr/lib/gcc/arm-none-eabi/13.2.1/../../../arm-none-eabi/lib/thumb/v7e-m/nofp/libc.a(libc_a-freer.o)
 .comment       0x00000026       0x27 /usr/lib/gcc/arm-none-eabi/13.2.1/../../../arm-none-eabi/lib/thumb/v7e-m/nofp/libc.a(libc_a-memcmp.o)
 .comment       0x00000026       0x27 /usr/lib/gcc/arm-none-eabi/13.2.1/../../../arm-none-eabi/lib/thumb/v7e-m/nofp/libc.a(libc_a-fclose.o)
 .comment       0x00000026       0x27 /usr/lib/gcc/arm-none-eabi/13.2.1/../../../arm-none-eabi/lib/thumb/v7e-m/nofp/libc.a(libc_a-malloc.o)
 .comment       0x00000026       0x27 /usr/lib/gcc/arm-none-eabi/13.2.1/../../../arm-none-eabi/lib/thumb/v7e-m/nofp/libc.a(libc_a-sysconf.o)
 .comment       0x00000026       0x27 /usr/lib/gcc/arm-none-eabi/13.2.1/../../../arm-none-eabi/lib/thumb/v7e-m/nofp/libc.a(libc_a-stdio.o)
 .comment       0x00000026       0x27 /usr/lib/gcc/arm-none-eabi/13.2.1/../../../arm-none-eabi/lib/thumb/v7e-m/nofp/libc.a(libc_a-init.o)
 .comment       0x00000026       0x27 /usr/lib/gcc/arm-none-eabi/13.2.1/../../../arm-none-eabi/lib/thumb/v7e-m/nofp/libc.a(libc_a-reallocr.o)
 .comment       0x00000026       0x27 /usr/lib/gcc/arm-none-eabi/13.2.1/../../../arm-none-eabi/lib/thumb/v7e-m/nofp/libc.a(libc_a-writer.o)
 .comment       0x00000026       0x27 /usr/lib/gcc/arm-none-eabi/13.2.1/../../../arm-none-eabi/lib/thumb/v7e-m/nofp/libc.a(libc_a-fstatr.o)
 .comment       0x00000026       0x27 /usr/lib/gcc/arm-none-eabi/13.2.1/../../../arm-none-eabi/lib/thumb/v7e-m/nofp/libc.a(libc_a-fwrite.o)
 .comment       0x00000026       0x27 /usr/lib/gcc/arm-none-eabi/13.2.1/../../../arm-none-eabi/lib/thumb/v7e-m/nofp/libc.a(libc_a-mlock.o)
 .comment       0x00000026       0x27 /usr/lib/gcc/arm-none-eabi/13.2.1/../../../arm-none-eabi/lib/thumb/v7e-m/nofp/libc.a(libc_a-findfp.o)
 .comment       0x00000026       0x27 /usr/lib/gcc/arm-none-eabi/13.2.1/../../../arm-none-eabi/lib/thumb/v7e-m/nofp/libc.a(libc_a-puts.o)
 .comment       0x00000026       0x27 /usr/lib/gcc/arm-none-eabi/13.2.1/../../../arm-none-eabi/lib/thumb/v7e-m/nofp/libc.a(libc_a-fvwrite.o)
 .comment       0x00000026       0x27 /usr/lib/gcc/arm-none-eabi/13.2.1/../../../arm-none-eabi/lib/thumb/v7e-m/nofp/libc.a(libc_a-ctype_.o)
 .comment       0x00000026       0x27 /usr/lib/gcc/arm-none-eabi/13.2.1/../../../arm-none-eabi/lib/thumb/v7e-m/nofp/libc.a(libc_a-atexit.o)
 .comment       0x00000026       0x27 /usr/lib/gcc/arm-none-eabi/13.2.1/../../../arm-none-eabi/lib/thumb/v7e-m/nofp/libc.a(libc_a-printf.o)
 .comment       0x00000026       0x27 /usr/lib/gcc/arm-none-eabi/13.2.1/../../../arm-none-eabi/lib/thumb/v7e-m/nofp/libc.a(libc_a-sbrkr.o)
 .comment       0x00000026       0x27 /usr/lib/gcc/arm-none-eabi/13.2.1/../../../arm-none-eabi/lib/thumb/v7e-m/nofp/libc.a(libc_a-closer.o)
 .comment       0x00000026       0x27 /usr/lib/gcc/arm-none-eabi/13.2.1/../../../arm-none-eabi/lib/thumb/v7e-m/nofp/libc.a(libc_a-fini.o)
 .comment       0x00000026       0x27 /usr/lib/gcc/arm-none-eabi/13.2.1/../../../arm-none-eabi/lib/thumb/v7e-m/nofp/libc.a(libc_a-fwalk.o)
 .comment       0x00000026       0x27 /usr/lib/gcc/arm-none-eabi/13.2.1/../../../arm-none-eabi/lib/thumb/v7e-m/nofp/libc.a(libc_a-vfprintf.o)
 .comment       0x00000026       0x27 /usr/lib/gcc/arm-none-eabi/13.2.1/../../../arm-none-eabi/lib/thumb/v7e-m/nofp/libc.a(libc_a-makebuf.o)
 .comment       0x00000026       0x27 /usr/lib/gcc/arm-none-eabi/13.2.1/../../../arm-none-eabi/lib/thumb/v7e-m/nofp/libc.a(libc_a-readr.o)
 .comment       0x00000026       0x27 /usr/lib/gcc/arm-none-eabi/13.2.1/../../../arm-none-eabi/lib/thumb/v7e-m/nofp/libc.a(libc_a-mallocr.o)
 .comment       0x00000026       0x27 /usr/lib/gcc/arm-none-eabi/13.2.1/../../../arm-none-eabi/lib/thumb/v7e-m/nofp/libc.a(libc_a-dtoa.o)
 .comment       0x00000026       0x27 /usr/lib/gcc/arm-none-eabi/13.2.1/../../../arm-none-eabi/lib/thumb/v7e-m/nofp/libc.a(libc_a-wsetup.o)
 .comment       0x00000026       0x27 /usr/lib/gcc/arm-none-eabi/13.2.1/../../../arm-none-eabi/lib/thumb/v7e-m/nofp/libc.a(libc_a-lseekr.o)
 .comment       0x00000026       0x27 /usr/lib/gcc/arm-none-eabi/13.2.1/../../../arm-none-eabi/lib/thumb/v7e-m/nofp/libc.a(libc_a-__call_atexit.o)
 .comment       0x00000026       0x27 /usr/lib/gcc/arm-none-eabi/13.2.1/../../../arm-none-eabi/lib/thumb/v7e-m/nofp/libc.a(libc_a-reent.o)
 .comment       0x00000026       0x27 /usr/lib/gcc/arm-none-eabi/13.2.1/../../../arm-none-eabi/lib/thumb/v7e-m/nofp/libc.a(libc_a-__atexit.o)
 .comment       0x00000026       0x27 /usr/lib/gcc/arm-none-eabi/13.2.1/../../../arm-none-eabi/lib/thumb/v7e-m/nofp/libc.a(libc_a-isattyr.o)
 .comment       0x00000026       0x27 /usr/lib/gcc/arm-none-eabi/13.2.1/../../../arm-none-eabi/lib/thumb/v7e-m/nofp/libc.a(libc_a-sprint_r.o)
 .comment       0x00000026       0x27 /usr/lib/gcc/arm-none-eabi/13.2.1/../../../arm-none-eabi/lib/thumb/v7e-m/nofp/libc.a(libc_a-assert.o)
 .comment       0x00000026       0x27 /usr/lib/gcc/arm-none-eabi/13.2.1/../../../arm-none-eabi/lib/thumb/v7e-m/nofp/libc.a(libc_a-mprec.o)
 .comment       0x00000026       0x27 /usr/lib/gcc/arm-none-eabi/13.2.1/../../../arm-none-eabi/lib/thumb/v7e-m/nofp/libc.a(libc_a-localeconv.o)
 .comment       0x00000026       0x27 /usr/lib/gcc/arm-none-eabi/13.2.1/../../../arm-none-eabi/lib/thumb/v7e-m/nofp/libc.a(libc_a-locale.o)
 .comment       0x00000026       0x27 /usr/lib/gcc/arm-none-eabi/13.2.1/../../../arm-none-eabi/lib/thumb/v7e-m/nofp/libc.a(libc_a-mbtowc_r.o)
 .comment       0x00000026       0x27 /usr/lib/gcc/arm-none-eabi/13.2.1/../../../arm-none-eabi/lib/thumb/v7e-m/nofp/libc.a(libc_a-abort.o)
 .comment       0x00000026       0x27 /usr/lib/gcc/arm-none-eabi/13.2.1/../../../arm-none-eabi/lib/thumb/v7e-m/nofp/libc.a(libc_a-callocr.o)
 .comment       0x00000026       0x27 /usr/lib/gcc/arm-none-eabi/13.2.1/../../../arm-none-eabi/lib/thumb/v7e-m/nofp/libc.a(libc_a-fiprintf.o)
 .comment       0x00000026       0x27 /usr/lib/gcc/arm-none-eabi/13.2.1/../../../arm-none-eabi/lib/thumb/v7e-m/nofp/libc.a(libc_a-wctomb_r.o)
 .comment       0x00000026       0x27 /usr/lib/gcc/arm-none-eabi/13.2.1/../../../arm-none-eabi/lib/thumb/v7e-m/nofp/libc.a(libc_a-signal.o)
 .comment       0x00000026       0x27 /usr/lib/gcc/arm-none-eabi/13.2.1/../../../arm-none-eabi/lib/thumb/v7e-m/nofp/libc.a(libc_a-signalr.o)
 .comment       0x00000026       0x27 /usr/lib/gcc/arm-none-eabi/13.2.1/../../../arm-none-eabi/lib/thumb/v7e-m/nofp/libc.a(libc_a-vfiprintf.o)
 .comment       0x00000026       0x27 /usr/lib/gcc/arm-none-eabi/13.2.1/../../../arm-none-eabi/lib/thumb/v7e-m/nofp/libnosys.a(_exit.o)
 .comment       0x00000026       0x27 /usr/lib/gcc/arm-none-eabi/13.2.1/thumb/v7e-m/nofp/libgcc.a(_udivmoddi4.o)
 .comment       0x00000026       0x27 /usr/lib/gcc/arm-none-eabi/13.2.1/thumb/v7e-m/nofp/crtend.o

.debug_info     0x00000000    0x28f24
 .debug_info    0x00000000      0x3c0 /root/msdk-2024_02/Libraries/PeriphDrivers/bin/MAX78000/softfp/libPeriphDriver_softfp.a(mxc_delay.o)
 .debug_info    0x000003c0      0x7af /root/msdk-2024_02/Libraries/PeriphDrivers/bin/MAX78000/softfp/libPeriphDriver_softfp.a(nvic_table.o)
 .debug_info    0x00000b6f      0x90c /root/msdk-2024_02/Libraries/PeriphDrivers/bin/MAX78000/softfp/libPeriphDriver_softfp.a(pins_ai85.o)
 .debug_info    0x0000147b     0x1410 /root/msdk-2024_02/Libraries/PeriphDrivers/bin/MAX78000/softfp/libPeriphDriver_softfp.a(sys_ai85.o)
 .debug_info    0x0000288b      0xf40 /root/msdk-2024_02/Libraries/PeriphDrivers/bin/MAX78000/softfp/libPeriphDriver_softfp.a(flc_me17.o)
 .debug_info    0x000037cb      0xa40 /root/msdk-2024_02/Libraries/PeriphDrivers/bin/MAX78000/softfp/libPeriphDriver_softfp.a(flc_reva.o)
 .debug_info    0x0000420b     0x16da /root/msdk-2024_02/Libraries/PeriphDrivers/bin/MAX78000/softfp/libPeriphDriver_softfp.a(gpio_ai85.o)
 .debug_info    0x000058e5      0xa3b /root/msdk-2024_02/Libraries/PeriphDrivers/bin/MAX78000/softfp/libPeriphDriver_softfp.a(gpio_reva.o)
 .debug_info    0x00006320      0x3cf /root/msdk-2024_02/Libraries/PeriphDrivers/bin/MAX78000/softfp/libPeriphDriver_softfp.a(icc_me17.o)
 .debug_info    0x000066ef      0x280 /root/msdk-2024_02/Libraries/PeriphDrivers/bin/MAX78000/softfp/libPeriphDriver_softfp.a(icc_reva.o)
 .debug_info    0x0000696f     0x24eb /root/msdk-2024_02/Libraries/PeriphDrivers/bin/MAX78000/softfp/libPeriphDriver_softfp.a(uart_ai85.o)
 .debug_info    0x00008e5a      0x2da /root/msdk-2024_02/Libraries/PeriphDrivers/bin/MAX78000/softfp/libPeriphDriver_softfp.a(uart_common.o)
 .debug_info    0x00009134     0x27d6 /root/msdk-2024_02/Libraries/PeriphDrivers/bin/MAX78000/softfp/libPeriphDriver_softfp.a(uart_revb.o)
 .debug_info    0x0000b90a      0x3be /root/msdk-2024_02/Libraries/PeriphDrivers/bin/MAX78000/softfp/libPeriphDriver_softfp.a(flc_common.o)
 .debug_info    0x0000bcc8      0x65f /root/msdk-2024_02/Libraries/PeriphDrivers/bin/MAX78000/softfp/libPeriphDriver_softfp.a(gpio_common.o)
 .debug_info    0x0000c327       0x33 /usr/lib/gcc/arm-none-eabi/13.2.1/../../../arm-none-eabi/lib/thumb/v7e-m/nofp/libc.a(libc_a-strlen.o)
 .debug_info    0x0000c35a      0x135 /usr/lib/gcc/arm-none-eabi/13.2.1/../../../arm-none-eabi/lib/thumb/v7e-m/nofp/libc.a(libc_a-memset.o)
 .debug_info    0x0000c48f      0xa4c /usr/lib/gcc/arm-none-eabi/13.2.1/../../../arm-none-eabi/lib/thumb/v7e-m/nofp/libc.a(libc_a-fflush.o)
 .debug_info    0x0000cedb      0x148 /usr/lib/gcc/arm-none-eabi/13.2.1/../../../arm-none-eabi/lib/thumb/v7e-m/nofp/libc.a(libc_a-memmove.o)
 .debug_info    0x0000d023      0x70f /usr/lib/gcc/arm-none-eabi/13.2.1/../../../arm-none-eabi/lib/thumb/v7e-m/nofp/libc.a(libc_a-errno.o)
 .debug_info    0x0000d732      0x729 /usr/lib/gcc/arm-none-eabi/13.2.1/../../../arm-none-eabi/lib/thumb/v7e-m/nofp/libc.a(libc_a-impure.o)
 .debug_info    0x0000de5b      0xb55 /usr/lib/gcc/arm-none-eabi/13.2.1/../../../arm-none-eabi/lib/thumb/v7e-m/nofp/libc.a(libc_a-freer.o)
 .debug_info    0x0000e9b0      0x12b /usr/lib/gcc/arm-none-eabi/13.2.1/../../../arm-none-eabi/lib/thumb/v7e-m/nofp/libc.a(libc_a-memcmp.o)
 .debug_info    0x0000eadb      0x8e6 /usr/lib/gcc/arm-none-eabi/13.2.1/../../../arm-none-eabi/lib/thumb/v7e-m/nofp/libc.a(libc_a-fclose.o)
 .debug_info    0x0000f3c1      0x7b4 /usr/lib/gcc/arm-none-eabi/13.2.1/../../../arm-none-eabi/lib/thumb/v7e-m/nofp/libc.a(libc_a-malloc.o)
 .debug_info    0x0000fb75       0x33 /usr/lib/gcc/arm-none-eabi/13.2.1/../../../arm-none-eabi/lib/thumb/v7e-m/nofp/libc.a(libc_a-memcpy.o)
 .debug_info    0x0000fba8       0xc1 /usr/lib/gcc/arm-none-eabi/13.2.1/../../../arm-none-eabi/lib/thumb/v7e-m/nofp/libc.a(libc_a-sysconf.o)
 .debug_info    0x0000fc69      0xa9e /usr/lib/gcc/arm-none-eabi/13.2.1/../../../arm-none-eabi/lib/thumb/v7e-m/nofp/libc.a(libc_a-stdio.o)
 .debug_info    0x00010707      0x10b /usr/lib/gcc/arm-none-eabi/13.2.1/../../../arm-none-eabi/lib/thumb/v7e-m/nofp/libc.a(libc_a-init.o)
 .debug_info    0x00010812      0xbc9 /usr/lib/gcc/arm-none-eabi/13.2.1/../../../arm-none-eabi/lib/thumb/v7e-m/nofp/libc.a(libc_a-reallocr.o)
 .debug_info    0x000113db      0x7d9 /usr/lib/gcc/arm-none-eabi/13.2.1/../../../arm-none-eabi/lib/thumb/v7e-m/nofp/libc.a(libc_a-writer.o)